Component: ARM Compiler 5.06 update 6 (build 750) Tool: armlink [4d35ed]

==============================================================================

Section Cross References

    main.o(.text) refers to delay.o(.text) for delay_init
    main.o(.text) refers to misc.o(.text) for NVIC_PriorityGroupConfig
    main.o(.text) refers to rc_ps2.o(.text) for PS2_Init
    main.o(.text) refers to os_core.o(.text) for OSInit
    main.o(.text) refers to cpu_a.o(.text) for CPU_SR_Save
    main.o(.text) refers to os_task.o(.text) for OSTaskCreate
    main.o(.text) refers to os_var.o(.data) for OSSchedLockNestingCtr
    main.o(.text) refers to my_task.o(.bss) for CREAT_TASK_STK
    main.o(.text) refers to my_task.o(.text) for Creat_task
    system_stm32f4xx.o(.text) refers to system_stm32f4xx.o(.data) for SystemCoreClock
    my_task.o(.text) refers to delay.o(.text) for delay_ms
    my_task.o(.text) refers to rc_ps2.o(.text) for PS2_Read
    my_task.o(.text) refers to ps2trans.o(.text) for Button_React
    my_task.o(.text) refers to move.o(.text) for Wheel_VD_Cal
    my_task.o(.text) refers to hardware.o(.text) for RGB_Init
    my_task.o(.text) refers to link.o(.text) for Link_Init
    my_task.o(.text) refers to elmo.o(.text) for Elmo_Init
    my_task.o(.text) refers to cpu_core.o(.text) for CPU_Init
    my_task.o(.text) refers to cpu_a.o(.text) for CPU_SR_Save
    my_task.o(.text) refers to os_task.o(.text) for OSTaskCreate
    my_task.o(.text) refers to os_sem.o(.text) for OSSemCreate
    my_task.o(.text) refers to os_core.o(.text) for OS_Sched0
    my_task.o(.text) refers to path.o(.data) for Kick_State1
    my_task.o(.text) refers to rc_ps2.o(.bss) for PS2_T
    my_task.o(.text) refers to os_var.o(.data) for OSSchedLockNestingCtr
    my_task.o(.text) refers to my_task.o(.bss) for SelfCheck_TASK_STK
    beep.o(.text) refers to delay.o(.text) for delay_ms
    beep.o(.text) refers to stm32f4xx_rcc.o(.text) for RCC_AHB1PeriphClockCmd
    beep.o(.text) refers to stm32f4xx_gpio.o(.text) for GPIO_Init
    beep.o(.text) refers to os_sem.o(.text) for OSSemPost
    beep.o(.text) refers to beep.o(.data) for On_time
    path.o(.text) refers to os_time.o(.text) for OSTimeGet
    path.o(.text) refers to f2d.o(x$fpl$f2d) for __aeabi_f2d
    path.o(.text) refers to fabs.o(i.__hardfp_fabs) for __hardfp_fabs
    path.o(.text) refers to dleqf.o(x$fpl$dleqf) for __aeabi_cdcmple
    path.o(.text) refers to delay.o(.text) for delay_ms
    path.o(.text) refers to my_task.o(.bss) for Chassis
    robot.o(.text) refers to link.o(.text) for CAN1_SendMsg
    robot.o(.text) refers to delay.o(.text) for delay_us
    robot.o(.text) refers to elmo.o(.text) for Elmo_PVM
    robot.o(.text) refers to stm32f4xx_gpio.o(.text) for GPIO_ReadInputDataBit
    robot.o(.text) refers to link.o(.data) for Robot_Finish_Flag
    robot.o(.text) refers to path.o(.data) for TaskFlag
    link.o(.text) refers to stm32f4xx_rcc.o(.text) for RCC_AHB1PeriphClockCmd
    link.o(.text) refers to stm32f4xx_gpio.o(.text) for GPIO_Init
    link.o(.text) refers to stm32f4xx_can.o(.text) for CAN_DeInit
    link.o(.text) refers to misc.o(.text) for NVIC_Init
    link.o(.text) refers to stm32f4xx_tim.o(.text) for TIM_TimeBaseInit
    link.o(.text) refers to os_core.o(.text) for OSIntEnter
    link.o(.text) refers to link.o(.bss) for CAN1RxMsg
    link.o(.text) refers to link.o(.data) for Data_Buff
    link.o(.text) refers to my_task.o(.bss) for Chassis
    link.o(.text) refers to rt_memcpy_v6.o(.text) for __aeabi_memcpy
    move.o(.text) refers to link.o(.text) for CAN1_SendMsg
    move.o(.text) refers to time.o(.text) for wait
    move.o(.text) refers to f2d.o(x$fpl$f2d) for __aeabi_f2d
    move.o(.text) refers to cos.o(i.__hardfp_cos) for __hardfp_cos
    move.o(.text) refers to dmul.o(x$fpl$dmul) for __aeabi_dmul
    move.o(.text) refers to daddsub_clz.o(x$fpl$dadd) for __aeabi_dadd
    move.o(.text) refers to d2f.o(x$fpl$d2f) for __aeabi_d2f
    move.o(.text) refers to my_task.o(.bss) for Chassis
    move.o(.text) refers to dfix.o(x$fpl$dfix) for __aeabi_d2iz
    move.o(.text) refers to fabs.o(i.__hardfp_fabs) for __hardfp_fabs
    move.o(.text) refers to dleqf.o(x$fpl$dleqf) for __aeabi_cdcmple
    move.o(.text) refers to elmo.o(.text) for Elmo_PVM
    ps2trans.o(.text) refers to sqrt.o(i.__hardfp_sqrt) for __hardfp_sqrt
    ps2trans.o(.text) refers to ddiv.o(x$fpl$ddiv) for __aeabi_ddiv
    ps2trans.o(.text) refers to d2f.o(x$fpl$d2f) for __aeabi_d2f
    ps2trans.o(.text) refers to f2d.o(x$fpl$f2d) for __aeabi_f2d
    ps2trans.o(.text) refers to move.o(.text) for Per_Axis_Vel_Cal
    ps2trans.o(.text) refers to ps2trans.o(.data) for phase
    ps2trans.o(.text) refers to rc_ps2.o(.bss) for PS2_T
    ps2trans.o(.text) refers to my_task.o(.bss) for Chassis
    hardware.o(.text) refers to stm32f4xx_rcc.o(.text) for RCC_AHB1PeriphClockCmd
    hardware.o(.text) refers to stm32f4xx_gpio.o(.text) for GPIO_Init
    hardware.o(.text) refers to time.o(.text) for wait
[...]
    USART_GetFlagStatus                      0x08004b19   Thumb Code    26  stm32f4xx_usart.o(.text)
    USART_ClearFlag                          0x08004b33   Thumb Code    18  stm32f4xx_usart.o(.text)
    USART_GetITStatus                        0x08004b45   Thumb Code   118  stm32f4xx_usart.o(.text)
    USART_ClearITPendingBit                  0x08004bbb   Thumb Code    30  stm32f4xx_usart.o(.text)
    TIM_DeInit                               0x08004bd9   Thumb Code   346  stm32f4xx_tim.o(.text)
    TIM_TimeBaseInit                         0x08004d33   Thumb Code   104  stm32f4xx_tim.o(.text)
    TIM_TimeBaseStructInit                   0x08004d9b   Thumb Code    18  stm32f4xx_tim.o(.text)
    TIM_PrescalerConfig                      0x08004dad   Thumb Code     6  stm32f4xx_tim.o(.text)
    TIM_CounterModeConfig                    0x08004db3   Thumb Code    18  stm32f4xx_tim.o(.text)
    TIM_SetCounter                           0x08004dc5   Thumb Code     4  stm32f4xx_tim.o(.text)
    TIM_SetAutoreload                        0x08004dc9   Thumb Code     4  stm32f4xx_tim.o(.text)
    TIM_GetCounter                           0x08004dcd   Thumb Code     6  stm32f4xx_tim.o(.text)
    TIM_GetPrescaler                         0x08004dd3   Thumb Code     6  stm32f4xx_tim.o(.text)
    TIM_UpdateDisableConfig                  0x08004dd9   Thumb Code    24  stm32f4xx_tim.o(.text)
    TIM_UpdateRequestConfig                  0x08004df1   Thumb Code    24  stm32f4xx_tim.o(.text)
    TIM_ARRPreloadConfig                     0x08004e09   Thumb Code    24  stm32f4xx_tim.o(.text)
    TIM_SelectOnePulseMode                   0x08004e21   Thumb Code    18  stm32f4xx_tim.o(.text)
    TIM_SetClockDivision                     0x08004e33   Thumb Code    18  stm32f4xx_tim.o(.text)
    TIM_Cmd                                  0x08004e45   Thumb Code    24  stm32f4xx_tim.o(.text)
    TIM_OC1Init                              0x08004e5d   Thumb Code   114  stm32f4xx_tim.o(.text)
    TIM_OC2Init                              0x08004ecf   Thumb Code   154  stm32f4xx_tim.o(.text)
    TIM_OC3Init                              0x08004f69   Thumb Code   204  stm32f4xx_tim.o(.text)
    TIM_OC4Init                              0x08005035   Thumb Code   112  stm32f4xx_tim.o(.text)
    TIM_OCStructInit                         0x080050a5   Thumb Code    20  stm32f4xx_tim.o(.text)
    TIM_SelectOCxM                           0x080050b9   Thumb Code    86  stm32f4xx_tim.o(.text)
    TIM_SetCompare1                          0x0800510f   Thumb Code     4  stm32f4xx_tim.o(.text)
    TIM_SetCompare2                          0x08005113   Thumb Code     4  stm32f4xx_tim.o(.text)
    TIM_SetCompare3                          0x08005117   Thumb Code     4  stm32f4xx_tim.o(.text)
    TIM_SetCompare4                          0x0800511b   Thumb Code     4  stm32f4xx_tim.o(.text)
    TIM_ForcedOC1Config                      0x0800511f   Thumb Code    18  stm32f4xx_tim.o(.text)
    TIM_ForcedOC2Config                      0x08005131   Thumb Code    26  stm32f4xx_tim.o(.text)
    TIM_ForcedOC3Config                      0x0800514b   Thumb Code    18  stm32f4xx_tim.o(.text)
    TIM_ForcedOC4Config                      0x0800515d   Thumb Code    26  stm32f4xx_tim.o(.text)
    TIM_OC1PreloadConfig                     0x08005177   Thumb Code    18  stm32f4xx_tim.o(.text)
    TIM_OC2PreloadConfig                     0x08005189   Thumb Code    26  stm32f4xx_tim.o(.text)
    TIM_OC3PreloadConfig                     0x080051a3   Thumb Code    18  stm32f4xx_tim.o(.text)
    TIM_OC4PreloadConfig                     0x080051b5   Thumb Code    26  stm32f4xx_tim.o(.text)
    TIM_OC1FastConfig                        0x080051cf   Thumb Code    18  stm32f4xx_tim.o(.text)
    TIM_OC2FastConfig                        0x080051e1   Thumb Code    26  stm32f4xx_tim.o(.text)
    TIM_OC3FastConfig                        0x080051fb   Thumb Code    18  stm32f4xx_tim.o(.text)
    TIM_OC4FastConfig                        0x0800520d   Thumb Code    26  stm32f4xx_tim.o(.text)
    TIM_ClearOC1Ref                          0x08005227   Thumb Code    18  stm32f4xx_tim.o(.text)
    TIM_ClearOC2Ref                          0x08005239   Thumb Code    24  stm32f4xx_tim.o(.text)
    TIM_ClearOC3Ref                          0x08005251   Thumb Code    18  stm32f4xx_tim.o(.text)
    TIM_ClearOC4Ref                          0x08005263   Thumb Code    24  stm32f4xx_tim.o(.text)
    TIM_OC1PolarityConfig                    0x0800527b   Thumb Code    18  stm32f4xx_tim.o(.text)
    TIM_OC1NPolarityConfig                   0x0800528d   Thumb Code    18  stm32f4xx_tim.o(.text)
    TIM_OC2PolarityConfig                    0x0800529f   Thumb Code    26  stm32f4xx_tim.o(.text)
    TIM_OC2NPolarityConfig                   0x080052b9   Thumb Code    26  stm32f4xx_tim.o(.text)
    TIM_OC3PolarityConfig                    0x080052d3   Thumb Code    26  stm32f4xx_tim.o(.text)
    TIM_OC3NPolarityConfig                   0x080052ed   Thumb Code    26  stm32f4xx_tim.o(.text)
    TIM_OC4PolarityConfig                    0x08005307   Thumb Code    26  stm32f4xx_tim.o(.text)
    TIM_CCxCmd                               0x08005321   Thumb Code    30  stm32f4xx_tim.o(.text)
    TIM_CCxNCmd                              0x0800533f   Thumb Code    30  stm32f4xx_tim.o(.text)
    TIM_SetIC4Prescaler                      0x0800535d   Thumb Code    26  stm32f4xx_tim.o(.text)
    TIM_SetIC3Prescaler                      0x080053c7   Thumb Code    18  stm32f4xx_tim.o(.text)
    TIM_SetIC2Prescaler                      0x08005421   Thumb Code    26  stm32f4xx_tim.o(.text)
    TIM_SetIC1Prescaler                      0x08005495   Thumb Code    18  stm32f4xx_tim.o(.text)
    TIM_ICInit                               0x080054e1   Thumb Code   110  stm32f4xx_tim.o(.text)
    TIM_ICStructInit                         0x0800554f   Thumb Code    18  stm32f4xx_tim.o(.text)
    TIM_PWMIConfig                           0x08005561   Thumb Code   124  stm32f4xx_tim.o(.text)
    TIM_GetCapture1                          0x080055dd   Thumb Code     6  stm32f4xx_tim.o(.text)
    TIM_GetCapture2                          0x080055e3   Thumb Code     6  stm32f4xx_tim.o(.text)
    TIM_GetCapture3                          0x080055e9   Thumb Code     6  stm32f4xx_tim.o(.text)
    TIM_GetCapture4                          0x080055ef   Thumb Code     6  stm32f4xx_tim.o(.text)
    TIM_BDTRConfig                           0x080055f5   Thumb Code    32  stm32f4xx_tim.o(.text)
    TIM_BDTRStructInit                       0x08005615   Thumb Code    18  stm32f4xx_tim.o(.text)
    TIM_CtrlPWMOutputs                       0x08005627   Thumb Code    30  stm32f4xx_tim.o(.text)
    TIM_SelectCOM                            0x08005645   Thumb Code    24  stm32f4xx_tim.o(.text)
    TIM_CCPreloadControl                     0x0800565d   Thumb Code    24  stm32f4xx_tim.o(.text)
    TIM_ITConfig                             0x08005675   Thumb Code    18  stm32f4xx_tim.o(.text)
    TIM_GenerateEvent                        0x08005687   Thumb Code     4  stm32f4xx_tim.o(.text)
    TIM_GetFlagStatus                        0x0800568b   Thumb Code    18  stm32f4xx_tim.o(.text)
    TIM_ClearFlag                            0x0800569d   Thumb Code     6  stm32f4xx_tim.o(.text)
    TIM_GetITStatus                          0x080056a3   Thumb Code    34  stm32f4xx_tim.o(.text)
    TIM_ClearITPendingBit                    0x080056c5   Thumb Code     6  stm32f4xx_tim.o(.text)
    TIM_DMAConfig                            0x080056cb   Thumb Code    10  stm32f4xx_tim.o(.text)
    TIM_DMACmd                               0x080056d5   Thumb Code    18  stm32f4xx_tim.o(.text)
    TIM_SelectCCDMA                          0x080056e7   Thumb Code    24  stm32f4xx_tim.o(.text)
    TIM_InternalClockConfig                  0x080056ff   Thumb Code    12  stm32f4xx_tim.o(.text)
    TIM_SelectInputTrigger                   0x0800570b   Thumb Code    18  stm32f4xx_tim.o(.text)
    TIM_ITRxExternalClockConfig              0x0800571d   Thumb Code    24  stm32f4xx_tim.o(.text)
    TIM_TIxExternalClockConfig               0x08005735   Thumb Code    62  stm32f4xx_tim.o(.text)
    TIM_ETRConfig                            0x08005773   Thumb Code    28  stm32f4xx_tim.o(.text)
    TIM_ETRClockMode1Config                  0x0800578f   Thumb Code    54  stm32f4xx_tim.o(.text)
    TIM_ETRClockMode2Config                  0x080057c5   Thumb Code    32  stm32f4xx_tim.o(.text)
    TIM_SelectOutputTrigger                  0x080057e5   Thumb Code    18  stm32f4xx_tim.o(.text)
    TIM_SelectSlaveMode                      0x080057f7   Thumb Code    18  stm32f4xx_tim.o(.text)
    TIM_SelectMasterSlaveMode                0x08005809   Thumb Code    18  stm32f4xx_tim.o(.text)
    TIM_EncoderInterfaceConfig               0x0800581b   Thumb Code    66  stm32f4xx_tim.o(.text)
    TIM_SelectHallSensor                     0x0800585d   Thumb Code    24  stm32f4xx_tim.o(.text)
    TIM_RemapConfig                          0x08005875   Thumb Code     6  stm32f4xx_tim.o(.text)
    CAN_DeInit                               0x0800587d   Thumb Code    50  stm32f4xx_can.o(.text)
    CAN_Init                                 0x080058af   Thumb Code   276  stm32f4xx_can.o(.text)
    CAN_FilterInit                           0x080059c3   Thumb Code   258  stm32f4xx_can.o(.text)
    CAN_StructInit                           0x08005ac5   Thumb Code    32  stm32f4xx_can.o(.text)
    CAN_SlaveStartBank                       0x08005ae5   Thumb Code    48  stm32f4xx_can.o(.text)
    CAN_DBGFreeze                            0x08005b15   Thumb Code    22  stm32f4xx_can.o(.text)
    CAN_TTComModeCmd                         0x08005b2b   Thumb Code   118  stm32f4xx_can.o(.text)
    CAN_Transmit                             0x08005ba1   Thumb Code   304  stm32f4xx_can.o(.text)
    CAN_TransmitStatus                       0x08005cd1   Thumb Code   138  stm32f4xx_can.o(.text)
    CAN_CancelTransmit                       0x08005d5b   Thumb Code    48  stm32f4xx_can.o(.text)
    CAN_Receive                              0x08005d8b   Thumb Code   240  stm32f4xx_can.o(.text)
    CAN_FIFORelease                          0x08005e7b   Thumb Code    22  stm32f4xx_can.o(.text)
    CAN_MessagePending                       0x08005e91   Thumb Code    30  stm32f4xx_can.o(.text)
    CAN_OperatingModeRequest                 0x08005eaf   Thumb Code   162  stm32f4xx_can.o(.text)
    CAN_Sleep                                0x08005f51   Thumb Code    30  stm32f4xx_can.o(.text)
    CAN_WakeUp                               0x08005f6f   Thumb Code    48  stm32f4xx_can.o(.text)
    CAN_GetLastErrorCode                     0x08005f9f   Thumb Code    12  stm32f4xx_can.o(.text)
    CAN_GetReceiveErrorCounter               0x08005fab   Thumb Code    10  stm32f4xx_can.o(.text)
    CAN_GetLSBTransmitErrorCounter           0x08005fb5   Thumb Code    12  stm32f4xx_can.o(.text)
    CAN_ITConfig                             0x08005fc1   Thumb Code    18  stm32f4xx_can.o(.text)
    CAN_GetFlagStatus                        0x08005fd3   Thumb Code   120  stm32f4xx_can.o(.text)
    CAN_ClearFlag                            0x0800604b   Thumb Code    52  stm32f4xx_can.o(.text)
    CAN_GetITStatus                          0x08006091   Thumb Code   310  stm32f4xx_can.o(.text)
    CAN_ClearITPendingBit                    0x080061c7   Thumb Code   162  stm32f4xx_can.o(.text)
    BSP_CPU_ClkFreq                          0x0800626d   Thumb Code    14  bsp.o(.text)
    CPU_TS_TmrInit                           0x0800627b   Thumb Code    44  bsp.o(.text)
    CPU_TS_TmrRd                             0x080062a7   Thumb Code     6  bsp.o(.text)
    CPU_TS32_to_uSec                         0x080062ad   Thumb Code    54  bsp.o(.text)
    CPU_NameClr                              0x080062f1   Thumb Code    42  cpu_core.o(.text)
    CPU_Init                                 0x08006331   Thumb Code    12  cpu_core.o(.text)
    CPU_SW_Exception                         0x0800633d   Thumb Code     4  cpu_core.o(.text)
    CPU_NameGet                              0x08006341   Thumb Code    70  cpu_core.o(.text)
    CPU_NameSet                              0x08006387   Thumb Code    96  cpu_core.o(.text)
    CPU_TS_Get32                             0x080063e7   Thumb Code    12  cpu_core.o(.text)
    CPU_TS_Update                            0x080063f3   Thumb Code     2  cpu_core.o(.text)
    CPU_TS_TmrFreqGet                        0x080063f5   Thumb Code    30  cpu_core.o(.text)
    CPU_TS_TmrFreqSet                        0x08006413   Thumb Code     6  cpu_core.o(.text)
    CPU_CntLeadZeros08                       0x08006419   Thumb Code    18  cpu_core.o(.text)
    CPU_CntLeadZeros16                       0x0800642b   Thumb Code    18  cpu_core.o(.text)
    CPU_CntLeadZeros32                       0x0800643d   Thumb Code    18  cpu_core.o(.text)
    CPU_CntLeadZeros64                       0x0800644f   Thumb Code   188  cpu_core.o(.text)
    CPU_CntTrailZeros08                      0x0800650b   Thumb Code    22  cpu_core.o(.text)
    CPU_CntTrailZeros16                      0x08006521   Thumb Code    22  cpu_core.o(.text)
    CPU_CntTrailZeros32                      0x08006537   Thumb Code    22  cpu_core.o(.text)
    CPU_CntTrailZeros64                      0x0800654d   Thumb Code    62  cpu_core.o(.text)
    CPU_IntDis                               0x08006599   Thumb Code     0  cpu_a.o(.text)
    CPU_IntEn                                0x0800659d   Thumb Code     0  cpu_a.o(.text)
    CPU_SR_Save                              0x080065a1   Thumb Code     0  cpu_a.o(.text)
    CPU_SR_Restore                           0x080065a9   Thumb Code     0  cpu_a.o(.text)
    CPU_WaitForInt                           0x080065af   Thumb Code     0  cpu_a.o(.text)
    CPU_WaitForExcept                        0x080065b3   Thumb Code     0  cpu_a.o(.text)
    CPU_CntLeadZeros                         0x080065b7   Thumb Code     0  cpu_a.o(.text)
    CPU_CntTrailZeros                        0x080065bd   Thumb Code     0  cpu_a.o(.text)
    CPU_RevBits                              0x080065c7   Thumb Code     0  cpu_a.o(.text)
    ASCII_IsAlpha                            0x080065cd   Thumb Code    48  lib_ascii.o(.text)
    ASCII_IsAlphaNum                         0x080065fd   Thumb Code    76  lib_ascii.o(.text)
    ASCII_IsLower                            0x08006649   Thumb Code    20  lib_ascii.o(.text)
    ASCII_IsUpper                            0x0800665d   Thumb Code    20  lib_ascii.o(.text)
    ASCII_IsDig                              0x08006671   Thumb Code    20  lib_ascii.o(.text)
    ASCII_IsDigOct                           0x08006685   Thumb Code    20  lib_ascii.o(.text)
    ASCII_IsDigHex                           0x08006699   Thumb Code    36  lib_ascii.o(.text)
    ASCII_IsBlank                            0x080066bd   Thumb Code    20  lib_ascii.o(.text)
    ASCII_IsSpace                            0x080066d1   Thumb Code    36  lib_ascii.o(.text)
    ASCII_IsPrint                            0x080066f5   Thumb Code    20  lib_ascii.o(.text)
    ASCII_IsGraph                            0x08006709   Thumb Code    20  lib_ascii.o(.text)
    ASCII_IsPunct                            0x0800671d   Thumb Code   134  lib_ascii.o(.text)
    ASCII_IsCtrl                             0x080067a3   Thumb Code    26  lib_ascii.o(.text)
    ASCII_ToLower                            0x080067bd   Thumb Code    32  lib_ascii.o(.text)
    ASCII_ToUpper                            0x080067dd   Thumb Code    32  lib_ascii.o(.text)
    ASCII_Cmp                                0x080067fd   Thumb Code    38  lib_ascii.o(.text)
    Mem_Init                                 0x08006825   Thumb Code    54  lib_mem.o(.text)
    Mem_Set                                  0x0800685b   Thumb Code    84  lib_mem.o(.text)
    Mem_Clr                                  0x080068af   Thumb Code    18  lib_mem.o(.text)
    Mem_Move                                 0x080068c1   Thumb Code   186  lib_mem.o(.text)
    Mem_Cmp                                  0x0800697b   Thumb Code   192  lib_mem.o(.text)
    Mem_HeapAlloc                            0x08006ab3   Thumb Code   168  lib_mem.o(.text)
    Mem_SegGetSizeRem                        0x08006b5b   Thumb Code   108  lib_mem.o(.text)
    Mem_HeapGetSizeRem                       0x08006bc7   Thumb Code    22  lib_mem.o(.text)
    Mem_PoolClr                              0x08006bdd   Thumb Code    80  lib_mem.o(.text)
    Mem_PoolCreate                           0x08006c2d   Thumb Code   838  lib_mem.o(.text)
    Mem_PoolBlkGetNbrAvail                   0x08006f73   Thumb Code    52  lib_mem.o(.text)
    Mem_PoolBlkGet                           0x08006fa7   Thumb Code   126  lib_mem.o(.text)
    Mem_PoolBlkGetUsedAtIx                   0x08007025   Thumb Code   140  lib_mem.o(.text)
    Mem_PoolBlkFree                          0x080070b1   Thumb Code   152  lib_mem.o(.text)
    Mem_PoolBlkIxGet                         0x08007149   Thumb Code   162  lib_mem.o(.text)
    Str_Len_N                                0x080071ed   Thumb Code    28  lib_str.o(.text)
    Str_Len                                  0x08007209   Thumb Code    20  lib_str.o(.text)
    Str_Copy_N                               0x0800721d   Thumb Code    70  lib_str.o(.text)
    Str_Copy                                 0x08007263   Thumb Code    24  lib_str.o(.text)
    Str_Cat_N                                0x0800727b   Thumb Code    90  lib_str.o(.text)
    Str_Cat                                  0x080072d5   Thumb Code    24  lib_str.o(.text)
    Str_Cmp_N                                0x080072ed   Thumb Code   156  lib_str.o(.text)
    Str_Cmp                                  0x08007389   Thumb Code    24  lib_str.o(.text)
    Str_CmpIgnoreCase_N                      0x080073a1   Thumb Code   264  lib_str.o(.text)
    Str_CmpIgnoreCase                        0x080074a9   Thumb Code    24  lib_str.o(.text)
    Str_Char_N                               0x080074c1   Thumb Code    74  lib_str.o(.text)
    Str_Char                                 0x0800750b   Thumb Code    24  lib_str.o(.text)
    Str_Char_Last_N                          0x08007523   Thumb Code    76  lib_str.o(.text)
    Str_Char_Last                            0x0800756f   Thumb Code    24  lib_str.o(.text)
    Str_Char_Replace_N                       0x08007587   Thumb Code    52  lib_str.o(.text)
    Str_Char_Replace                         0x080075bb   Thumb Code    28  lib_str.o(.text)
    Str_Str_N                                0x080075d7   Thumb Code   182  lib_str.o(.text)
    Str_Str                                  0x0800768d   Thumb Code    24  lib_str.o(.text)
    Str_FmtNbr_Int32U                        0x08007881   Thumb Code    46  lib_str.o(.text)
    Str_FmtNbr_Int32S                        0x080078af   Thumb Code    62  lib_str.o(.text)
    Str_ParseNbr_Int32U                      0x08007aab   Thumb Code    30  lib_str.o(.text)
    Str_ParseNbr_Int32S                      0x08007ac9   Thumb Code    74  lib_str.o(.text)
    Mem_Copy                                 0x08007b19   Thumb Code     0  lib_mem_a.o(.text)
    OSCfg_Init                               0x08007d39   Thumb Code    86  os_cfg_app.o(.text)
    OS_IdleTask                              0x08007e35   Thumb Code    60  os_core.o(.text)
    OS_IdleTaskInit                          0x08007e71   Thumb Code    68  os_core.o(.text)
    OS_RdyListInit                           0x08007eb5   Thumb Code    32  os_core.o(.text)
    OSInit                                   0x08007ed5   Thumb Code   300  os_core.o(.text)
    OSIntEnter                               0x08008001   Thumb Code    34  os_core.o(.text)
    OSIntExit                                0x08008023   Thumb Code   188  os_core.o(.text)
    OSSched                                  0x080080df   Thumb Code   130  os_core.o(.text)
    OS_SchedLockTimeMeasStart                0x08008161   Thumb Code    20  os_core.o(.text)
    OSSchedLock                              0x08008175   Thumb Code   104  os_core.o(.text)
    OS_SchedLockTimeMeasStop                 0x080081dd   Thumb Code    44  os_core.o(.text)
    OSSchedUnlock                            0x08008209   Thumb Code   286  os_core.o(.text)
    OSSchedRoundRobinCfg                     0x08008327   Thumb Code    88  os_core.o(.text)
    OS_RdyListMoveHeadToTail                 0x0800837f   Thumb Code    68  os_core.o(.text)
    OSSchedRoundRobinYield                   0x080083c3   Thumb Code   164  os_core.o(.text)
    OSStart                                  0x08008467   Thumb Code    78  os_core.o(.text)
    OSVersion                                0x080084b5   Thumb Code    12  os_core.o(.text)
    OS_PendDbgNameAdd                        0x080084c1   Thumb Code    66  os_core.o(.text)
    OS_PendListInsertPrio                    0x08008503   Thumb Code   102  os_core.o(.text)
    OS_PendDataInit                          0x08008569   Thumb Code    38  os_core.o(.text)
    OS_RdyListRemove                         0x0800858f   Thumb Code    86  os_core.o(.text)
    OS_TaskBlock                             0x080085e5   Thumb Code    56  os_core.o(.text)
    OS_Pend                                  0x0800861d   Thumb Code    98  os_core.o(.text)
    OS_PendListRemove1                       0x0800867f   Thumb Code   136  os_core.o(.text)
    OS_PendListRemove                        0x08008707   Thumb Code    48  os_core.o(.text)
    OS_PendAbort1                            0x08008737   Thumb Code    36  os_core.o(.text)
    OS_RdyListInsertHead                     0x0800875b   Thumb Code    58  os_core.o(.text)
    OS_RdyListInsertTail                     0x08008795   Thumb Code    56  os_core.o(.text)
    OS_RdyListInsert                         0x080087cd   Thumb Code    40  os_core.o(.text)
    OS_TaskRdy                               0x080087f5   Thumb Code    28  os_core.o(.text)
    OS_PendAbort                             0x08008811   Thumb Code   166  os_core.o(.text)
    OS_PendDbgNameRemove                     0x080088b7   Thumb Code    34  os_core.o(.text)
    OS_PendListChangePrio                    0x080088d9   Thumb Code    70  os_core.o(.text)
    OS_PendListInit                          0x0800891f   Thumb Code    10  os_core.o(.text)
    OS_PendListInsertHead                    0x08008929   Thumb Code    32  os_core.o(.text)
    OS_PendObjDel1                           0x08008949   Thumb Code    36  os_core.o(.text)
    OS_PendObjDel                            0x0800896d   Thumb Code   162  os_core.o(.text)
    OS_Post1                                 0x08008a0f   Thumb Code    42  os_core.o(.text)
    OS_Post                                  0x08008a39   Thumb Code   192  os_core.o(.text)
    OS_Sched0                                0x08008af9   Thumb Code    68  os_core.o(.text)
    OS_SchedRoundRobin                       0x08008b3d   Thumb Code   218  os_core.o(.text)
    OS_Dbg_Init                              0x08008c25   Thumb Code   146  os_dbg.o(.text)
    OS_FlagDbgListAdd                        0x08008dd5   Thumb Code    38  os_flag.o(.text)
    OSFlagCreate                             0x08008dfb   Thumb Code   172  os_flag.o(.text)
    OS_FlagClr                               0x08008ea7   Thumb Code    28  os_flag.o(.text)
    OS_FlagDbgListRemove                     0x08008ec3   Thumb Code    44  os_flag.o(.text)
    OSFlagDel                                0x08008eef   Thumb Code   594  os_flag.o(.text)
    OS_FlagBlock                             0x08009141   Thumb Code    58  os_flag.o(.text)
    OSFlagPend                               0x0800917b   Thumb Code  1488  os_flag.o(.text)
    OSFlagPendAbort                          0x0800974b   Thumb Code   292  os_flag.o(.text)
    OSFlagPendGetFlagsRdy                    0x0800986f   Thumb Code    68  os_flag.o(.text)
    OS_FlagTaskRdy                           0x080098b3   Thumb Code    86  os_flag.o(.text)
    OS_FlagPost                              0x08009909   Thumb Code   570  os_flag.o(.text)
    OSFlagPost                               0x08009b43   Thumb Code   146  os_flag.o(.text)
    OS_FlagInit                              0x08009bd5   Thumb Code    14  os_flag.o(.text)
    OS_IntQPost                              0x08009bfd   Thumb Code   216  os_int.o(.text)
    OS_IntQRePost                            0x08009cd5   Thumb Code   360  os_int.o(.text)
    OS_IntQTask                              0x08009e3d   Thumb Code   162  os_int.o(.text)
    OS_IntQTaskInit                          0x08009edf   Thumb Code   208  os_int.o(.text)
    OS_MemDbgListAdd                         0x0800a041   Thumb Code    34  os_mem.o(.text)
    OSMemCreate                              0x0800a063   Thumb Code   288  os_mem.o(.text)
    OSMemGet                                 0x0800a183   Thumb Code   100  os_mem.o(.text)
    OSMemPut                                 0x0800a1e7   Thumb Code   112  os_mem.o(.text)
    OS_MemInit                               0x0800a257   Thumb Code    14  os_mem.o(.text)
    OS_MsgPoolCreate                         0x0800a279   Thumb Code    54  os_msg.o(.text)
    OS_MsgPoolInit                           0x0800a2af   Thumb Code    70  os_msg.o(.text)
    OS_MsgQFreeAll                           0x0800a2f5   Thumb Code    62  os_msg.o(.text)
    OS_MsgQInit                              0x0800a333   Thumb Code    14  os_msg.o(.text)
    OS_MsgQGet                               0x0800a341   Thumb Code    98  os_msg.o(.text)
    OS_MsgQPut                               0x0800a3a3   Thumb Code   246  os_msg.o(.text)
    OS_MutexDbgListAdd                       0x0800a4a5   Thumb Code    38  os_mutex.o(.text)
    OSMutexCreate                            0x0800a4cb   Thumb Code   178  os_mutex.o(.text)
    OS_MutexClr                              0x0800a57d   Thumb Code    38  os_mutex.o(.text)
    OS_MutexDbgListRemove                    0x0800a5a3   Thumb Code    44  os_mutex.o(.text)
    OSMutexDel                               0x0800a5cf   Thumb Code   842  os_mutex.o(.text)
    OSMutexPend                              0x0800a919   Thumb Code   706  os_mutex.o(.text)
    OSMutexPendAbort                         0x0800abdb   Thumb Code   314  os_mutex.o(.text)
    OSMutexPost                              0x0800ad15   Thumb Code   564  os_mutex.o(.text)
    OS_MutexInit                             0x0800af49   Thumb Code    14  os_mutex.o(.text)
    OS_PrioInit                              0x0800af79   Thumb Code    20  os_prio.o(.text)
    OS_PrioGetHighest                        0x0800af8d   Thumb Code    36  os_prio.o(.text)
    OS_PrioInsert                            0x0800afb1   Thumb Code    32  os_prio.o(.text)
    OS_PrioRemove                            0x0800afd1   Thumb Code    32  os_prio.o(.text)
    OS_QDbgListAdd                           0x0800aff5   Thumb Code    38  os_q.o(.text)
    OSQCreate                                0x0800b01b   Thumb Code   186  os_q.o(.text)
    OS_QClr                                  0x0800b0d5   Thumb Code    40  os_q.o(.text)
    OS_QDbgListRemove                        0x0800b0fd   Thumb Code    44  os_q.o(.text)
    OSQDel                                   0x0800b129   Thumb Code   362  os_q.o(.text)
    OSQFlush                                 0x0800b293   Thumb Code   210  os_q.o(.text)
    OSQPend                                  0x0800b365   Thumb Code   538  os_q.o(.text)
    OSQPendAbort                             0x0800b57f   Thumb Code   292  os_q.o(.text)
    OS_QPost                                 0x0800b6a3   Thumb Code   324  os_q.o(.text)
    OSQPost                                  0x0800b7e7   Thumb Code   198  os_q.o(.text)
    OS_QInit                                 0x0800b8ad   Thumb Code    14  os_q.o(.text)
    OS_SemDbgListAdd                         0x0800b8cd   Thumb Code    38  os_sem.o(.text)
    OSSemCreate                              0x0800b8f3   Thumb Code   172  os_sem.o(.text)
    OS_SemClr                                0x0800b99f   Thumb Code    28  os_sem.o(.text)
    OS_SemDbgListRemove                      0x0800b9bb   Thumb Code    44  os_sem.o(.text)
    OSSemDel                                 0x0800b9e7   Thumb Code   362  os_sem.o(.text)
    OSSemPend                                0x0800bb51   Thumb Code   504  os_sem.o(.text)
    OSSemPendAbort                           0x0800bd49   Thumb Code   292  os_sem.o(.text)
    OS_SemPost                               0x0800be6d   Thumb Code   350  os_sem.o(.text)
    OSSemPost                                0x0800bfcb   Thumb Code   144  os_sem.o(.text)
    OSSemSet                                 0x0800c05b   Thumb Code   138  os_sem.o(.text)
    OS_SemInit                               0x0800c0e5   Thumb Code    14  os_sem.o(.text)
    OSStatReset                              0x0800c0fd   Thumb Code   270  os_stat.o(.text)
    OSStatTaskCPUUsageInit                   0x0800c20b   Thumb Code   212  os_stat.o(.text)
    OS_StatTask                              0x0800c2df   Thumb Code   888  os_stat.o(.text)
    OS_StatTaskInit                          0x0800c657   Thumb Code   138  os_stat.o(.text)
    OSTaskChangePrio                         0x0800c735   Thumb Code   416  os_task.o(.text)
    OS_TaskDbgListAdd                        0x0800c8d5   Thumb Code    42  os_task.o(.text)
    OS_TaskInitTCB                           0x0800c8ff   Thumb Code   186  os_task.o(.text)
    OSTaskCreate                             0x0800c9b9   Thumb Code   616  os_task.o(.text)
    OS_TaskDbgListRemove                     0x0800cc21   Thumb Code    64  os_task.o(.text)
    OSTaskDel                                0x0800cc61   Thumb Code   424  os_task.o(.text)
    OSTaskQFlush                             0x0800ce09   Thumb Code   214  os_task.o(.text)
    OSTaskQPend                              0x0800cedf   Thumb Code   554  os_task.o(.text)
    OSTaskQPendAbort                         0x0800d109   Thumb Code   242  os_task.o(.text)
    OS_TaskQPost                             0x0800d1fb   Thumb Code   526  os_task.o(.text)
    OSTaskQPost                              0x0800d409   Thumb Code   114  os_task.o(.text)
    OSTaskRegGet                             0x0800d47b   Thumb Code    78  os_task.o(.text)
    OSTaskRegGetID                           0x0800d4c9   Thumb Code    84  os_task.o(.text)
    OSTaskRegSet                             0x0800d51d   Thumb Code    78  os_task.o(.text)
    OS_TaskResume                            0x0800d56b   Thumb Code   314  os_task.o(.text)
    OSTaskResume                             0x0800d6a5   Thumb Code   112  os_task.o(.text)
    OSTaskSemPend                            0x0800d715   Thumb Code   550  os_task.o(.text)
    OSTaskSemPendAbort                       0x0800d93b   Thumb Code   270  os_task.o(.text)
    OS_TaskSemPost                           0x0800da49   Thumb Code  1224  os_task.o(.text)
    OSTaskSemPost                            0x0800df11   Thumb Code    98  os_task.o(.text)
    OSTaskSemSet                             0x0800df73   Thumb Code    80  os_task.o(.text)
    OSTaskStkChk                             0x0800dfc3   Thumb Code   224  os_task.o(.text)
    OS_TaskSuspend                           0x0800e0a3   Thumb Code   328  os_task.o(.text)
    OSTaskSuspend                            0x0800e1eb   Thumb Code    78  os_task.o(.text)
    OSTaskTimeQuantaSet                      0x0800e239   Thumb Code    96  os_task.o(.text)
    OS_TaskInit                              0x0800e299   Thumb Code    18  os_task.o(.text)
    OS_TaskReturn                            0x0800e2ab   Thumb Code    20  os_task.o(.text)
    OS_TickListRemove                        0x0800e2e9   Thumb Code    56  os_tick.o(.text)
    OS_TickListUpdate                        0x0800e321   Thumb Code   480  os_tick.o(.text)
    OS_TickTask                              0x0800e501   Thumb Code    38  os_tick.o(.text)
    OS_TickListInit                          0x0800e527   Thumb Code    32  os_tick.o(.text)
    OS_TickTaskInit                          0x0800e547   Thumb Code   130  os_tick.o(.text)
    OS_TickListInsert                        0x0800e5c9   Thumb Code   502  os_tick.o(.text)
    OS_TickListResetPeak                     0x0800e7bf   Thumb Code    28  os_tick.o(.text)
    OSTimeDly                                0x0800e7e5   Thumb Code   266  os_time.o(.text)
    OSTimeDlyHMSM                            0x0800e8ef   Thumb Code   480  os_time.o(.text)
    OSTimeDlyResume                          0x0800eacf   Thumb Code   466  os_time.o(.text)
    OSTimeGet                                0x0800eca1   Thumb Code    46  os_time.o(.text)
    OSTimeSet                                0x0800eccf   Thumb Code    46  os_time.o(.text)
    OSTimeTick                               0x0800ecfd   Thumb Code    54  os_time.o(.text)
    OS_TmrDbgListAdd                         0x0800ed49   Thumb Code    34  os_tmr.o(.text)
    OSTmrCreate                              0x0800ed6b   Thumb Code   248  os_tmr.o(.text)
    OS_TmrClr                                0x0800ee63   Thumb Code    36  os_tmr.o(.text)
    OS_TmrUnlink                             0x0800ee87   Thumb Code    72  os_tmr.o(.text)
    OS_TmrDbgListRemove                      0x0800eecf   Thumb Code    44  os_tmr.o(.text)
    OSTmrDel                                 0x0800eefb   Thumb Code   176  os_tmr.o(.text)
    OSTmrRemainGet                           0x0800efab   Thumb Code   184  os_tmr.o(.text)
    OS_TmrLink                               0x0800f063   Thumb Code   196  os_tmr.o(.text)
    OSTmrStart                               0x0800f127   Thumb Code   210  os_tmr.o(.text)
    OSTmrStateGet                            0x0800f1f9   Thumb Code   134  os_tmr.o(.text)
    OSTmrStop                                0x0800f27f   Thumb Code   232  os_tmr.o(.text)
    OS_TmrTask                               0x0800f367   Thumb Code   176  os_tmr.o(.text)
    OS_TmrInit                               0x0800f417   Thumb Code   208  os_tmr.o(.text)
    OS_TmrResetPeak                          0x0800f4e7   Thumb Code    28  os_tmr.o(.text)
    OSIdleTaskHook                           0x0800f561   Thumb Code    16  os_cpu_c.o(.text)
    OSInitHook                               0x0800f571   Thumb Code    28  os_cpu_c.o(.text)
    OSStatTaskHook                           0x0800f58d   Thumb Code    16  os_cpu_c.o(.text)
    OSTaskCreateHook                         0x0800f59d   Thumb Code    20  os_cpu_c.o(.text)
    OSTaskDelHook                            0x0800f5b1   Thumb Code    20  os_cpu_c.o(.text)
    OSTaskReturnHook                         0x0800f5c5   Thumb Code    20  os_cpu_c.o(.text)
    OSTaskStkInit                            0x0800f5d9   Thumb Code   600  os_cpu_c.o(.text)
    OSTaskSwHook                             0x0800f831   Thumb Code   120  os_cpu_c.o(.text)
    OSTimeTickHook                           0x0800f8a9   Thumb Code    16  os_cpu_c.o(.text)
    OS_CPU_SysTickHandler                    0x0800f8b9   Thumb Code    52  os_cpu_c.o(.text)
    OS_CPU_SysTickInit                       0x0800f8ed   Thumb Code    44  os_cpu_c.o(.text)
    __use_no_semihosting                     0x0800f959   Thumb Code     2  use_no_semi_2.o(.text)
    __aeabi_uldivmod                         0x0800f95b   Thumb Code     0  lludivv7m.o(.text)
    _ll_udiv                                 0x0800f95b   Thumb Code   238  lludivv7m.o(.text)
    __aeabi_memcpy                           0x0800fa49   Thumb Code     0  rt_memcpy_v6.o(.text)
    __rt_memcpy                              0x0800fa49   Thumb Code   138  rt_memcpy_v6.o(.text)
    _memcpy_lastbytes                        0x0800faaf   Thumb Code     0  rt_memcpy_v6.o(.text)
    __use_two_region_memory                  0x0800fad3   Thumb Code     2  heapauxi.o(.text)
    __rt_heap_escrow$2region                 0x0800fad5   Thumb Code     2  heapauxi.o(.text)
    __rt_heap_expand$2region                 0x0800fad7   Thumb Code     2  heapauxi.o(.text)
    __I$use$semihosting                      0x0800fad9   Thumb Code     0  use_no_semi.o(.text)
    __use_no_semihosting_swi                 0x0800fad9   Thumb Code     2  use_no_semi.o(.text)
    __read_errno                             0x0800fadb   Thumb Code    10  _rserrno.o(.text)
    __set_errno                              0x0800fae5   Thumb Code    12  _rserrno.o(.text)
    __aeabi_memcpy4                          0x0800faf1   Thumb Code     0  rt_memcpy_w.o(.text)
    __aeabi_memcpy8                          0x0800faf1   Thumb Code     0  rt_memcpy_w.o(.text)
    __rt_memcpy_w                            0x0800faf1   Thumb Code   100  rt_memcpy_w.o(.text)
    _memcpy_lastbytes_aligned                0x0800fb39   Thumb Code     0  rt_memcpy_w.o(.text)
    __aeabi_errno_addr                       0x0800fb55   Thumb Code     8  rt_errno_addr_intlibspace.o(.text)
    __errno$intlibspace                      0x0800fb55   Thumb Code     0  rt_errno_addr_intlibspace.o(.text)
    __rt_errno_addr$intlibspace              0x0800fb55   Thumb Code     0  rt_errno_addr_intlibspace.o(.text)
    __user_libspace                          0x0800fb5d   Thumb Code     8  libspace.o(.text)
    __user_perproc_libspace                  0x0800fb5d   Thumb Code     0  libspace.o(.text)
    __user_perthread_libspace                0x0800fb5d   Thumb Code     0  libspace.o(.text)
    __user_setup_stackheap                   0x0800fb65   Thumb Code    74  sys_stackheap_outer.o(.text)
    exit                                     0x0800fbaf   Thumb Code    18  exit.o(.text)
    OSStartHighRdy                           0x0800fbc1   Thumb Code     0  os_cpu_a.o(CODE)
    OSCtxSw                                  0x0800fbe3   Thumb Code     0  os_cpu_a.o(CODE)
    OSIntCtxSw                               0x0800fbed   Thumb Code     0  os_cpu_a.o(CODE)
    PendSV_Handler                           0x0800fbf7   Thumb Code     0  os_cpu_a.o(CODE)
    __ARM_fpclassify                         0x0800fc6d   Thumb Code    48  fpclassify.o(i.__ARM_fpclassify)
    __hardfp_cos                             0x0800fca1   Thumb Code   180  cos.o(i.__hardfp_cos)
    __hardfp_fabs                            0x0800fd69   Thumb Code    20  fabs.o(i.__hardfp_fabs)
    __hardfp_sqrt                            0x0800fd7d   Thumb Code   122  sqrt.o(i.__hardfp_sqrt)
    __ieee754_rem_pio2                       0x0800fdf9   Thumb Code   938  rred.o(i.__ieee754_rem_pio2)
    __kernel_cos                             0x08010231   Thumb Code   322  cos_i.o(i.__kernel_cos)
    __kernel_poly                            0x080103a1   Thumb Code   248  poly.o(i.__kernel_poly)
    __kernel_sin                             0x08010499   Thumb Code   280  sin_i.o(i.__kernel_sin)
    __mathlib_dbl_infnan                     0x080105c9   Thumb Code    20  dunder.o(i.__mathlib_dbl_infnan)
    __mathlib_dbl_invalid                    0x080105e1   Thumb Code    24  dunder.o(i.__mathlib_dbl_invalid)
    __mathlib_dbl_underflow                  0x08010601   Thumb Code    24  dunder.o(i.__mathlib_dbl_underflow)
    fabs                                     0x08010621   Thumb Code    24  fabs.o(i.fabs)
    __aeabi_dneg                             0x08010639   Thumb Code     0  basic.o(x$fpl$basic)
    _dneg                                    0x08010639   Thumb Code     6  basic.o(x$fpl$basic)
    __aeabi_fneg                             0x0801063f   Thumb Code     0  basic.o(x$fpl$basic)
    _fneg                                    0x0801063f   Thumb Code     6  basic.o(x$fpl$basic)
    _dabs                                    0x08010645   Thumb Code     6  basic.o(x$fpl$basic)
    _fabs                                    0x0801064b   Thumb Code     6  basic.o(x$fpl$basic)
    __aeabi_d2f                              0x08010651   Thumb Code     0  d2f.o(x$fpl$d2f)
    _d2f                                     0x08010651   Thumb Code    98  d2f.o(x$fpl$d2f)
    __aeabi_dadd                             0x080106b5   Thumb Code     0  daddsub_clz.o(x$fpl$dadd)
    _dadd                                    0x080106b5   Thumb Code   332  daddsub_clz.o(x$fpl$dadd)
    __fpl_dcmp_Inf                           0x08010805   Thumb Code    24  dcmpi.o(x$fpl$dcmpinf)
    __aeabi_ddiv                             0x0801081d   Thumb Code     0  ddiv.o(x$fpl$ddiv)
    _ddiv                                    0x0801081d   Thumb Code   552  ddiv.o(x$fpl$ddiv)
    __aeabi_d2iz                             0x08010acd   Thumb Code     0  dfix.o(x$fpl$dfix)
    _dfix                                    0x08010acd   Thumb Code    94  dfix.o(x$fpl$dfix)
    __aeabi_i2d                              0x08010b2b   Thumb Code     0  dflt_clz.o(x$fpl$dflt)
    _dflt                                    0x08010b2b   Thumb Code    46  dflt_clz.o(x$fpl$dflt)
    __aeabi_ui2d                             0x08010b59   Thumb Code     0  dflt_clz.o(x$fpl$dfltu)
    _dfltu                                   0x08010b59   Thumb Code    38  dflt_clz.o(x$fpl$dfltu)
    __aeabi_cdcmple                          0x08010b81   Thumb Code     0  dleqf.o(x$fpl$dleqf)
    _dcmple                                  0x08010b81   Thumb Code   120  dleqf.o(x$fpl$dleqf)
    __fpl_dcmple_InfNaN                      0x08010be3   Thumb Code     0  dleqf.o(x$fpl$dleqf)
    __aeabi_dmul                             0x08010bf9   Thumb Code     0  dmul.o(x$fpl$dmul)
    _dmul                                    0x08010bf9   Thumb Code   332  dmul.o(x$fpl$dmul)
    __fpl_dnaninf                            0x08010d4d   Thumb Code   156  dnaninf.o(x$fpl$dnaninf)
    __fpl_dretinf                            0x08010de9   Thumb Code    12  dretinf.o(x$fpl$dretinf)
    __aeabi_drsub                            0x08010df5   Thumb Code     0  daddsub_clz.o(x$fpl$drsb)
    _drsb                                    0x08010df5   Thumb Code    22  daddsub_clz.o(x$fpl$drsb)
    _dsqrt                                   0x08010e0d   Thumb Code   404  dsqrt_umaal.o(x$fpl$dsqrt)
    __aeabi_dsub                             0x08010fa5   Thumb Code     0  daddsub_clz.o(x$fpl$dsub)
    _dsub                                    0x08010fa5   Thumb Code   464  daddsub_clz.o(x$fpl$dsub)
    __aeabi_f2d                              0x08011179   Thumb Code     0  f2d.o(x$fpl$f2d)
    _f2d                                     0x08011179   Thumb Code    86  f2d.o(x$fpl$f2d)
    __fpl_fnaninf                            0x080111cf   Thumb Code   140  fnaninf.o(x$fpl$fnaninf)
    _fp_init                                 0x0801125b   Thumb Code    10  fpinit.o(x$fpl$fpinit)
    __fplib_config_fpu_vfp                   0x08011263   Thumb Code     0  fpinit.o(x$fpl$fpinit)
    __fplib_config_pureend_doubles           0x08011263   Thumb Code     0  fpinit.o(x$fpl$fpinit)
    __fpl_fretinf                            0x08011265   Thumb Code    10  fretinf.o(x$fpl$fretinf)
    __I$use$fp                               0x0801126e   Number         0  usenofp.o(x$fpl$usenofp)
    CPU_EndiannessTest                       0x08011370   Data           4  cpu_core.o(.constdata)
    OSCfg_IdleTaskStkBasePtr                 0x08011408   Data           4  os_cfg_app.o(.constdata)
    OSCfg_IdleTaskStkLimit                   0x0801140c   Data           4  os_cfg_app.o(.constdata)
    OSCfg_IdleTaskStkSize                    0x08011410   Data           4  os_cfg_app.o(.constdata)
    OSCfg_IdleTaskStkSizeRAM                 0x08011414   Data           4  os_cfg_app.o(.constdata)
    OSCfg_IntQBasePtr                        0x08011418   Data           4  os_cfg_app.o(.constdata)
    OSCfg_IntQSize                           0x0801141c   Data           2  os_cfg_app.o(.constdata)
    OSCfg_IntQSizeRAM                        0x08011420   Data           4  os_cfg_app.o(.constdata)
    OSCfg_IntQTaskStkBasePtr                 0x08011424   Data           4  os_cfg_app.o(.constdata)
    OSCfg_IntQTaskStkLimit                   0x08011428   Data           4  os_cfg_app.o(.constdata)
    OSCfg_IntQTaskStkSize                    0x0801142c   Data           4  os_cfg_app.o(.constdata)
    OSCfg_IntQTaskStkSizeRAM                 0x08011430   Data           4  os_cfg_app.o(.constdata)
    OSCfg_ISRStkBasePtr                      0x08011434   Data           4  os_cfg_app.o(.constdata)
    OSCfg_ISRStkSize                         0x08011438   Data           4  os_cfg_app.o(.constdata)
    OSCfg_ISRStkSizeRAM                      0x0801143c   Data           4  os_cfg_app.o(.constdata)
    OSCfg_MsgPoolSize                        0x08011440   Data           2  os_cfg_app.o(.constdata)
    OSCfg_MsgPoolSizeRAM                     0x08011444   Data           4  os_cfg_app.o(.constdata)
    OSCfg_MsgPoolBasePtr                     0x08011448   Data           4  os_cfg_app.o(.constdata)
    OSCfg_StatTaskPrio                       0x0801144c   Data           1  os_cfg_app.o(.constdata)
    OSCfg_StatTaskRate_Hz                    0x08011450   Data           4  os_cfg_app.o(.constdata)
    OSCfg_StatTaskStkBasePtr                 0x08011454   Data           4  os_cfg_app.o(.constdata)
    OSCfg_StatTaskStkLimit                   0x08011458   Data           4  os_cfg_app.o(.constdata)
    OSCfg_StatTaskStkSize                    0x0801145c   Data           4  os_cfg_app.o(.constdata)
    OSCfg_StatTaskStkSizeRAM                 0x08011460   Data           4  os_cfg_app.o(.constdata)
    OSCfg_StkSizeMin                         0x08011464   Data           4  os_cfg_app.o(.constdata)
    OSCfg_TickRate_Hz                        0x08011468   Data           4  os_cfg_app.o(.constdata)
    OSCfg_TickTaskPrio                       0x0801146c   Data           1  os_cfg_app.o(.constdata)
    OSCfg_TickTaskStkBasePtr                 0x08011470   Data           4  os_cfg_app.o(.constdata)
    OSCfg_TickTaskStkLimit                   0x08011474   Data           4  os_cfg_app.o(.constdata)
    OSCfg_TickTaskStkSize                    0x08011478   Data           4  os_cfg_app.o(.constdata)
    OSCfg_TickTaskStkSizeRAM                 0x0801147c   Data           4  os_cfg_app.o(.constdata)
    OSCfg_TickWheelSize                      0x08011480   Data           2  os_cfg_app.o(.constdata)
    OSCfg_TickWheelSizeRAM                   0x08011484   Data           4  os_cfg_app.o(.constdata)
    OSCfg_TmrTaskPrio                        0x08011488   Data           1  os_cfg_app.o(.constdata)
    OSCfg_TmrTaskRate_Hz                     0x0801148c   Data           4  os_cfg_app.o(.constdata)
    OSCfg_TmrTaskStkBasePtr                  0x08011490   Data           4  os_cfg_app.o(.constdata)
    OSCfg_TmrTaskStkLimit                    0x08011494   Data           4  os_cfg_app.o(.constdata)
    OSCfg_TmrTaskStkSize                     0x08011498   Data           4  os_cfg_app.o(.constdata)
    OSCfg_TmrTaskStkSizeRAM                  0x0801149c   Data           4  os_cfg_app.o(.constdata)
    OSCfg_TmrWheelSize                       0x080114a0   Data           2  os_cfg_app.o(.constdata)
    OSCfg_TmrWheelSizeRAM                    0x080114a4   Data           4  os_cfg_app.o(.constdata)
    OSCfg_DataSizeRAM                        0x080114a8   Data           4  os_cfg_app.o(.constdata)
    OSDbg_DbgEn                              0x080114ac   Data           2  os_dbg.o(.constdata)
    OSDbg_ArgChkEn                           0x080114ae   Data           1  os_dbg.o(.constdata)
    OSDbg_AppHooksEn                         0x080114af   Data           1  os_dbg.o(.constdata)
    OSDbg_EndiannessTest                     0x080114b0   Data           4  os_dbg.o(.constdata)
    OSDbg_CalledFromISRChkEn                 0x080114b4   Data           1  os_dbg.o(.constdata)
    OSDbg_FlagEn                             0x080114b5   Data           1  os_dbg.o(.constdata)
    OSDbg_FlagGrp                            0x080114b8   Data          40  os_dbg.o(.constdata)
    OSDbg_FlagDelEn                          0x080114e0   Data           1  os_dbg.o(.constdata)
    OSDbg_FlagModeClrEn                      0x080114e1   Data           1  os_dbg.o(.constdata)
    OSDbg_FlagPendAbortEn                    0x080114e2   Data           1  os_dbg.o(.constdata)
    OSDbg_FlagGrpSize                        0x080114e4   Data           2  os_dbg.o(.constdata)
    OSDbg_FlagWidth                          0x080114e6   Data           2  os_dbg.o(.constdata)
    OSDbg_IntQ                               0x080114e8   Data           2  os_dbg.o(.constdata)
    OSDbg_ISRPostDeferredEn                  0x080114ea   Data           1  os_dbg.o(.constdata)
    OSDbg_Mem                                0x080114ec   Data          32  os_dbg.o(.constdata)
    OSDbg_MemEn                              0x0801150c   Data           1  os_dbg.o(.constdata)
    OSDbg_MemSize                            0x0801150e   Data           2  os_dbg.o(.constdata)
    OSDbg_MsgEn                              0x08011510   Data           1  os_dbg.o(.constdata)
    OSDbg_MsgSize                            0x08011512   Data           2  os_dbg.o(.constdata)
    OSDbg_MsgPoolSize                        0x08011514   Data           2  os_dbg.o(.constdata)
    OSDbg_MsgQSize                           0x08011516   Data           2  os_dbg.o(.constdata)
    OSDbg_Mutex                              0x08011518   Data          44  os_dbg.o(.constdata)
    OSDbg_MutexEn                            0x08011544   Data           1  os_dbg.o(.constdata)
    OSDbg_MutexDelEn                         0x08011545   Data           1  os_dbg.o(.constdata)
    OSDbg_MutexPendAbortEn                   0x08011546   Data           1  os_dbg.o(.constdata)
    OSDbg_MutexSize                          0x08011548   Data           2  os_dbg.o(.constdata)
    OSDbg_ObjTypeChkEn                       0x0801154a   Data           1  os_dbg.o(.constdata)
    OSDbg_PendMultiEn                        0x0801154b   Data           1  os_dbg.o(.constdata)
    OSDbg_PendDataSize                       0x0801154c   Data           2  os_dbg.o(.constdata)
    OSDbg_PendListSize                       0x0801154e   Data           2  os_dbg.o(.constdata)
    OSDbg_PendObjSize                        0x08011550   Data           2  os_dbg.o(.constdata)
    OSDbg_PrioMax                            0x08011552   Data           2  os_dbg.o(.constdata)
    OSDbg_PrioTblSize                        0x08011554   Data           2  os_dbg.o(.constdata)
    OSDbg_PtrSize                            0x08011556   Data           2  os_dbg.o(.constdata)
    OSDbg_Q                                  0x08011558   Data          48  os_dbg.o(.constdata)
    OSDbg_QEn                                0x08011588   Data           1  os_dbg.o(.constdata)
    OSDbg_QDelEn                             0x08011589   Data           1  os_dbg.o(.constdata)
    OSDbg_QFlushEn                           0x0801158a   Data           1  os_dbg.o(.constdata)
    OSDbg_QPendAbortEn                       0x0801158b   Data           1  os_dbg.o(.constdata)
    OSDbg_QSize                              0x0801158c   Data           2  os_dbg.o(.constdata)
    OSDbg_SchedRoundRobinEn                  0x0801158e   Data           1  os_dbg.o(.constdata)
    OSDbg_Sem                                0x08011590   Data          40  os_dbg.o(.constdata)
    OSDbg_SemEn                              0x080115b8   Data           1  os_dbg.o(.constdata)
    OSDbg_SemDelEn                           0x080115b9   Data           1  os_dbg.o(.constdata)
    OSDbg_SemPendAbortEn                     0x080115ba   Data           1  os_dbg.o(.constdata)
    OSDbg_SemSetEn                           0x080115bb   Data           1  os_dbg.o(.constdata)
    OSDbg_SemSize                            0x080115bc   Data           2  os_dbg.o(.constdata)
    OSDbg_RdyList                            0x080115be   Data           2  os_dbg.o(.constdata)
    OSDbg_RdyListSize                        0x080115c0   Data           4  os_dbg.o(.constdata)
    OSDbg_StkWidth                           0x080115c4   Data           1  os_dbg.o(.constdata)
    OSDbg_StatTaskEn                         0x080115c5   Data           1  os_dbg.o(.constdata)
    OSDbg_StatTaskStkChkEn                   0x080115c6   Data           1  os_dbg.o(.constdata)
    OSDbg_TaskChangePrioEn                   0x080115c7   Data           1  os_dbg.o(.constdata)
    OSDbg_TaskDelEn                          0x080115c8   Data           1  os_dbg.o(.constdata)
    OSDbg_TaskQEn                            0x080115c9   Data           1  os_dbg.o(.constdata)
    OSDbg_TaskQPendAbortEn                   0x080115ca   Data           1  os_dbg.o(.constdata)
    OSDbg_TaskProfileEn                      0x080115cb   Data           1  os_dbg.o(.constdata)
    OSDbg_TaskRegTblSize                     0x080115cc   Data           2  os_dbg.o(.constdata)
    OSDbg_TaskSemPendAbortEn                 0x080115ce   Data           1  os_dbg.o(.constdata)
    OSDbg_TaskSuspendEn                      0x080115cf   Data           1  os_dbg.o(.constdata)
    OSDbg_TCBSize                            0x080115d0   Data           2  os_dbg.o(.constdata)
    OSDbg_TickSpokeSize                      0x080115d2   Data           2  os_dbg.o(.constdata)
    OSDbg_TimeDlyHMSMEn                      0x080115d4   Data           1  os_dbg.o(.constdata)
    OSDbg_TimeDlyResumeEn                    0x080115d5   Data           1  os_dbg.o(.constdata)
    OSDbg_TLS_TblSize                        0x080115d6   Data           2  os_dbg.o(.constdata)
    OSDbg_Tmr                                0x080115d8   Data          52  os_dbg.o(.constdata)
    OSDbg_TmrEn                              0x0801160c   Data           1  os_dbg.o(.constdata)
    OSDbg_TmrDelEn                           0x0801160d   Data           1  os_dbg.o(.constdata)
    OSDbg_TmrSize                            0x0801160e   Data           2  os_dbg.o(.constdata)
    OSDbg_TmrSpokeSize                       0x08011610   Data           2  os_dbg.o(.constdata)
    OSDbg_VersionNbr                         0x08011612   Data           2  os_dbg.o(.constdata)
    OSDbg_DataSize                           0x08011614   Data           4  os_dbg.o(.constdata)
    Region$$Table$$Base                      0x08011738   Number         0  anon$$obj.o(Region$$Table)
    Region$$Table$$Limit                     0x08011758   Number         0  anon$$obj.o(Region$$Table)
    SystemCoreClock                          0x20000000   Data           4  system_stm32f4xx.o(.data)
    AHBPrescTable                            0x20000004   Data          16  system_stm32f4xx.o(.data)
    TaskFlag                                 0x20000014   Data           1  path.o(.data)
    Kick_State1                              0x20000015   Data           1  path.o(.data)
    Kick_State2                              0x20000016   Data           1  path.o(.data)
    Path_Test                                0x20000018   Data         888  path.o(.data)
    Data_Buff                                0x20000390   Data           4  link.o(.data)
    firstWheel_pos                           0x20000394   Data           4  link.o(.data)
    secondWheel_pos                          0x20000398   Data           4  link.o(.data)
    Robot_Finish_Flag                        0x2000039c   Data           1  link.o(.data)
    LCD_Cmd                                  0x2000039d   Data           3  link.o(.data)
    phase                                    0x200003a0   Data           2  ps2trans.o(.data)
    QUEUE_CAN_IDx                            0x200003a4   Data           4  elmo.o(.data)
    TIM7_OSTime_Count                        0x200003b8   Data           2  elmo.o(.data)
    TIM7_OSTime_Count_ten                    0x200003ba   Data           2  elmo.o(.data)
    __stdout                                 0x200003bc   Data           4  usart.o(.data)
    USART_RX_STA                             0x200003c0   Data           2  usart.o(.data)
    uart                                     0x200003c2   Data           2  usart.o(.data)
    CPU_TS_TmrFreq_Hz                        0x200003d8   Data           4  cpu_core.o(.data)
    Mem_PoolTbl                              0x200003dc   Data           4  lib_mem.o(.data)
    OSPrioTbl                                0x200003e0   Data           8  os_prio.o(.data)
    OS_AppTaskCreateHookPtr                  0x200003e8   Data           4  os_var.o(.data)
    OS_AppTaskDelHookPtr                     0x200003ec   Data           4  os_var.o(.data)
    OS_AppTaskReturnHookPtr                  0x200003f0   Data           4  os_var.o(.data)
    OS_AppIdleTaskHookPtr                    0x200003f4   Data           4  os_var.o(.data)
    OS_AppStatTaskHookPtr                    0x200003f8   Data           4  os_var.o(.data)
    OS_AppTaskSwHookPtr                      0x200003fc   Data           4  os_var.o(.data)
    OS_AppTimeTickHookPtr                    0x20000400   Data           4  os_var.o(.data)
    OSIdleTaskCtr                            0x20000404   Data           4  os_var.o(.data)
    OSIntNestingCtr                          0x20000408   Data           1  os_var.o(.data)
    OSRunning                                0x20000409   Data           1  os_var.o(.data)
    OSIntQInPtr                              0x2000040c   Data           4  os_var.o(.data)
    OSIntQOutPtr                             0x20000410   Data           4  os_var.o(.data)
    OSIntQNbrEntries                         0x20000414   Data           2  os_var.o(.data)
    OSIntQNbrEntriesMax                      0x20000416   Data           2  os_var.o(.data)
    OSIntQOvfCtr                             0x20000418   Data           2  os_var.o(.data)
    OSIntQTaskTimeMax                        0x2000041c   Data           4  os_var.o(.data)
    OSFlagDbgListPtr                         0x20000420   Data           4  os_var.o(.data)
    OSFlagQty                                0x20000424   Data           2  os_var.o(.data)
    OSMemDbgListPtr                          0x20000428   Data           4  os_var.o(.data)
    OSMemQty                                 0x2000042c   Data           2  os_var.o(.data)
    OSMutexDbgListPtr                        0x20000430   Data           4  os_var.o(.data)
    OSMutexQty                               0x20000434   Data           2  os_var.o(.data)
    OSPrioCur                                0x20000436   Data           1  os_var.o(.data)
    OSPrioHighRdy                            0x20000437   Data           1  os_var.o(.data)
    OSPrioSaved                              0x20000438   Data           1  os_var.o(.data)
    OSQDbgListPtr                            0x2000043c   Data           4  os_var.o(.data)
    OSQQty                                   0x20000440   Data           2  os_var.o(.data)
    OSSchedLockTimeBegin                     0x20000444   Data           4  os_var.o(.data)
    OSSchedLockTimeMax                       0x20000448   Data           4  os_var.o(.data)
    OSSchedLockTimeMaxCur                    0x2000044c   Data           4  os_var.o(.data)
    OSSchedLockNestingCtr                    0x20000450   Data           1  os_var.o(.data)
    OSSchedRoundRobinDfltTimeQuanta          0x20000454   Data           4  os_var.o(.data)
    OSSchedRoundRobinEn                      0x20000458   Data           1  os_var.o(.data)
    OSSemDbgListPtr                          0x2000045c   Data           4  os_var.o(.data)
    OSSemQty                                 0x20000460   Data           2  os_var.o(.data)
    OSStatResetFlag                          0x20000462   Data           1  os_var.o(.data)
    OSStatTaskCPUUsage                       0x20000464   Data           2  os_var.o(.data)
    OSStatTaskCPUUsageMax                    0x20000466   Data           2  os_var.o(.data)
    OSStatTaskCtr                            0x20000468   Data           4  os_var.o(.data)
    OSStatTaskCtrMax                         0x2000046c   Data           4  os_var.o(.data)
    OSStatTaskCtrRun                         0x20000470   Data           4  os_var.o(.data)
    OSStatTaskRdy                            0x20000474   Data           1  os_var.o(.data)
    OSStatTaskTimeMax                        0x20000478   Data           4  os_var.o(.data)
    OSTaskCtxSwCtr                           0x2000047c   Data           4  os_var.o(.data)
    OSTaskDbgListPtr                         0x20000480   Data           4  os_var.o(.data)
    OSTaskQty                                0x20000484   Data           2  os_var.o(.data)
    OSTaskRegNextAvailID                     0x20000486   Data           1  os_var.o(.data)
    OSTickCtr                                0x20000488   Data           4  os_var.o(.data)
    OSTickTaskTimeMax                        0x2000048c   Data           4  os_var.o(.data)
    OSTmrDbgListPtr                          0x20000490   Data           4  os_var.o(.data)
    OSTmrQty                                 0x20000494   Data           2  os_var.o(.data)
    OSTmrTaskTimeMax                         0x20000498   Data           4  os_var.o(.data)
    OSTmrTickCtr                             0x2000049c   Data           4  os_var.o(.data)
    OSTmrUpdateCnt                           0x200004a0   Data           4  os_var.o(.data)
    OSTmrUpdateCtr                           0x200004a4   Data           4  os_var.o(.data)
    OSTCBCurPtr                              0x200004a8   Data           4  os_var.o(.data)
    OSTCBHighRdyPtr                          0x200004ac   Data           4  os_var.o(.data)
    OS_CPU_ExceptStkBase                     0x200004b0   Data           4  os_cpu_c.o(.data)
    Chassis                                  0x200004b4   Data         352  my_task.o(.bss)
    CreatTaskTCB                             0x20000614   Data         196  my_task.o(.bss)
    SelfCheck_TaskTCB                        0x200006d8   Data         196  my_task.o(.bss)
    Court_TaskTCB                            0x2000079c   Data         196  my_task.o(.bss)
    Loop_TaskTCB                             0x20000860   Data         196  my_task.o(.bss)
    CREAT_TASK_STK                           0x20000924   Data         512  my_task.o(.bss)
    SelfCheck_TASK_STK                       0x20000b24   Data        8192  my_task.o(.bss)
    Court_TASK_STK                           0x20002b24   Data        8192  my_task.o(.bss)
    LOOP_TASK_STK                            0x20004b24   Data        8192  my_task.o(.bss)
    Loop_SEM                                 0x20006b24   Data          40  my_task.o(.bss)
    CAN1RxMsg                                0x20006b4c   Data          20  link.o(.bss)
    CAN2RxMsg                                0x20006b60   Data          20  link.o(.bss)
    CAN1TxMsg                                0x20006b74   Data          20  link.o(.bss)
    CAN2TxMsg                                0x20006b88   Data          20  link.o(.bss)
    PS2_T                                    0x20006b9c   Data          24  rc_ps2.o(.bss)
    CPU_Name                                 0x20009608   Data          16  cpu_core.o(.bss)
    Mem_PoolHeap                             0x20009618   Data          72  lib_mem.o(.bss)
    Mem_Heap                                 0x20009660   Data        1024  lib_mem.o(.bss)
    OSCfg_IdleTaskStk                        0x20009a60   Data         512  os_cfg_app.o(.bss)
    OSCfg_IntQ                               0x20009c60   Data         320  os_cfg_app.o(.bss)
    OSCfg_IntQTaskStk                        0x20009da0   Data         512  os_cfg_app.o(.bss)
    OSCfg_ISRStk                             0x20009fa0   Data         512  os_cfg_app.o(.bss)
    OSCfg_MsgPool                            0x2000a1a0   Data        1600  os_cfg_app.o(.bss)
    OSCfg_StatTaskStk                        0x2000a7e0   Data         512  os_cfg_app.o(.bss)
    OSCfg_TickTaskStk                        0x2000a9e0   Data         512  os_cfg_app.o(.bss)
    OSCfg_TickWheel                          0x2000abe0   Data         136  os_cfg_app.o(.bss)
    OSCfg_TmrTaskStk                         0x2000ac68   Data         512  os_cfg_app.o(.bss)
    OSCfg_TmrWheel                           0x2000ae68   Data         136  os_cfg_app.o(.bss)
    OSIdleTaskTCB                            0x2000aef0   Data         196  os_var.o(.bss)
    OSIntQTaskTCB                            0x2000afb4   Data         196  os_var.o(.bss)
    OSMsgPool                                0x2000b078   Data          12  os_var.o(.bss)
    OSRdyList                                0x2000b084   Data         768  os_var.o(.bss)
    OSStatTaskTCB                            0x2000b384   Data         196  os_var.o(.bss)
    OSTickTaskTCB                            0x2000b448   Data         196  os_var.o(.bss)
    OSTmrTaskTCB                             0x2000b50c   Data         196  os_var.o(.bss)
    __libspace_start                         0x2000b5d0   Data          96  libspace.o(.bss)
    __temporary_stack_top$libspace           0x2000b630   Data           0  libspace.o(.bss)



==============================================================================

Memory Map of the image

  Image Entry point : 0x08000189

  Load Region LR_IROM1 (Base: 0x08000000, Size: 0x00011c0c, Max: 0x00100000, ABSOLUTE, COMPRESSED[0x000117b8])

    Execution Region ER_IROM1 (Exec base: 0x08000000, Load base: 0x08000000, Size: 0x00011758, Max: 0x00100000, ABSOLUTE)

    Exec Addr    Load Addr    Size         Type   Attr      Idx    E Section Name        Object

    0x08000000   0x08000000   0x00000188   Data   RO          728    RESET               startup_stm32f40_41xxx.o
    0x08000188   0x08000188   0x00000008   Code   RO         1341  * !!!main             c_w.l(__main.o)
    0x08000190   0x08000190   0x00000034   Code   RO         1622    !!!scatter          c_w.l(__scatter.o)
    0x080001c4   0x080001c4   0x0000005a   Code   RO         1620    !!dczerorl2         c_w.l(__dczerorl2.o)
    0x0800021e   0x0800021e   0x00000002   PAD
    0x08000220   0x08000220   0x0000001c   Code   RO         1624    !!handler_zi        c_w.l(__scatter_zi.o)
    0x0800023c   0x0800023c   0x00000002   Code   RO         1497    .ARM.Collect$$libinit$$00000000  c_w.l(libinit.o)
    0x0800023e   0x0800023e   0x00000004   Code   RO         1506    .ARM.Collect$$libinit$$00000001  c_w.l(libinit2.o)
    0x08000242   0x08000242   0x00000000   Code   RO         1509    .ARM.Collect$$libinit$$00000004  c_w.l(libinit2.o)
    0x08000242   0x08000242   0x00000000   Code   RO         1512    .ARM.Collect$$libinit$$0000000A  c_w.l(libinit2.o)
    0x08000242   0x08000242   0x00000000   Code   RO         1514    .ARM.Collect$$libinit$$0000000C  c_w.l(libinit2.o)
    0x08000242   0x08000242   0x00000000   Code   RO         1516    .ARM.Collect$$libinit$$0000000E  c_w.l(libinit2.o)
    0x08000242   0x08000242   0x00000000   Code   RO         1519    .ARM.Collect$$libinit$$00000011  c_w.l(libinit2.o)
    0x08000242   0x08000242   0x00000000   Code   RO         1521    .ARM.Collect$$libinit$$00000013  c_w.l(libinit2.o)
    0x08000242   0x08000242   0x00000000   Code   RO         1523    .ARM.Collect$$libinit$$00000015  c_w.l(libinit2.o)
    0x08000242   0x08000242   0x00000000   Code   RO         1525    .ARM.Collect$$libinit$$00000017  c_w.l(libinit2.o)
    0x08000242   0x08000242   0x00000000   Code   RO         1527    .ARM.Collect$$libinit$$00000019  c_w.l(libinit2.o)
    0x08000242   0x08000242   0x00000000   Code   RO         1529    .ARM.Collect$$libinit$$0000001B  c_w.l(libinit2.o)
    0x08000242   0x08000242   0x00000000   Code   RO         1531    .ARM.Collect$$libinit$$0000001D  c_w.l(libinit2.o)
    0x08000242   0x08000242   0x00000000   Code   RO         1533    .ARM.Collect$$libinit$$0000001F  c_w.l(libinit2.o)
    0x08000242   0x08000242   0x00000000   Code   RO         1535    .ARM.Collect$$libinit$$00000021  c_w.l(libinit2.o)
    0x08000242   0x08000242   0x00000000   Code   RO         1537    .ARM.Collect$$libinit$$00000023  c_w.l(libinit2.o)
    0x08000242   0x08000242   0x00000000   Code   RO         1539    .ARM.Collect$$libinit$$00000025  c_w.l(libinit2.o)
    0x08000242   0x08000242   0x00000000   Code   RO         1543    .ARM.Collect$$libinit$$0000002C  c_w.l(libinit2.o)
    0x08000242   0x08000242   0x00000000   Code   RO         1545    .ARM.Collect$$libinit$$0000002E  c_w.l(libinit2.o)
    0x08000242   0x08000242   0x00000000   Code   RO         1547    .ARM.Collect$$libinit$$00000030  c_w.l(libinit2.o)
    0x08000242   0x08000242   0x00000000   Code   RO         1549    .ARM.Collect$$libinit$$00000032  c_w.l(libinit2.o)
    0x08000242   0x08000242   0x00000002   Code   RO         1550    .ARM.Collect$$libinit$$00000033  c_w.l(libinit2.o)
    0x08000244   0x08000244   0x00000002   Code   RO         1576    .ARM.Collect$$libshutdown$$00000000  c_w.l(libshutdown.o)
    0x08000246   0x08000246   0x00000000   Code   RO         1603    .ARM.Collect$$libshutdown$$00000002  c_w.l(libshutdown2.o)
    0x08000246   0x08000246   0x00000000   Code   RO         1605    .ARM.Collect$$libshutdown$$00000004  c_w.l(libshutdown2.o)
    0x08000246   0x08000246   0x00000000   Code   RO         1608    .ARM.Collect$$libshutdown$$00000007  c_w.l(libshutdown2.o)
    0x08000246   0x08000246   0x00000000   Code   RO         1611    .ARM.Collect$$libshutdown$$0000000A  c_w.l(libshutdown2.o)
    0x08000246   0x08000246   0x00000000   Code   RO         1613    .ARM.Collect$$libshutdown$$0000000C  c_w.l(libshutdown2.o)
    0x08000246   0x08000246   0x00000000   Code   RO         1616    .ARM.Collect$$libshutdown$$0000000F  c_w.l(libshutdown2.o)
    0x08000246   0x08000246   0x00000002   Code   RO         1617    .ARM.Collect$$libshutdown$$00000010  c_w.l(libshutdown2.o)
    0x08000248   0x08000248   0x00000000   Code   RO         1397    .ARM.Collect$$rtentry$$00000000  c_w.l(__rtentry.o)
    0x08000248   0x08000248   0x00000000   Code   RO         1450    .ARM.Collect$$rtentry$$00000002  c_w.l(__rtentry2.o)
    0x08000248   0x08000248   0x00000006   Code   RO         1462    .ARM.Collect$$rtentry$$00000004  c_w.l(__rtentry4.o)
    0x0800024e   0x0800024e   0x00000000   Code   RO         1452    .ARM.Collect$$rtentry$$00000009  c_w.l(__rtentry2.o)
    0x0800024e   0x0800024e   0x00000004   Code   RO         1453    .ARM.Collect$$rtentry$$0000000A  c_w.l(__rtentry2.o)
    0x08000252   0x08000252   0x00000000   Code   RO         1455    .ARM.Collect$$rtentry$$0000000C  c_w.l(__rtentry2.o)
    0x08000252   0x08000252   0x00000008   Code   RO         1456    .ARM.Collect$$rtentry$$0000000D  c_w.l(__rtentry2.o)
    0x0800025a   0x0800025a   0x00000002   Code   RO         1498    .ARM.Collect$$rtexit$$00000000  c_w.l(rtexit.o)
    0x0800025c   0x0800025c   0x00000000   Code   RO         1552    .ARM.Collect$$rtexit$$00000002  c_w.l(rtexit2.o)
    0x0800025c   0x0800025c   0x00000004   Code   RO         1553    .ARM.Collect$$rtexit$$00000003  c_w.l(rtexit2.o)
    0x08000260   0x08000260   0x00000006   Code   RO         1554    .ARM.Collect$$rtexit$$00000004  c_w.l(rtexit2.o)
    0x08000266   0x08000266   0x00000002   PAD
    0x08000268   0x08000268   0x00000100   Code   RO            3    .text               main.o
    0x08000368   0x08000368   0x00000016   Code   RO          260    .text               stm32f4xx_it.o
    0x0800037e   0x0800037e   0x00000002   PAD
    0x08000380   0x08000380   0x00000210   Code   RO          309    .text               system_stm32f4xx.o
    0x08000590   0x08000590   0x000002a0   Code   RO          335    .text               my_task.o
    0x08000830   0x08000830   0x0000000a   Code   RO          447    .text               time.o
    0x0800083a   0x0800083a   0x00000002   PAD
    0x0800083c   0x0800083c   0x0000072c   Code   RO          467    .text               link.o
    0x08000f68   0x08000f68   0x000009cc   Code   RO          510    .text               move.o
    0x08001934   0x08001934   0x000002bc   Code   RO          533    .text               ps2trans.o
    0x08001bf0   0x08001bf0   0x00000158   Code   RO          556    .text               hardware.o
    0x08001d48   0x08001d48   0x00000370   Code   RO          576    .text               rc_ps2.o
    0x080020b8   0x080020b8   0x00001a6c   Code   RO          632    .text               elmo.o
    0x08003b24   0x08003b24   0x00000108   Code   RO          657    .text               usart.o
    0x08003c2c   0x08003c2c   0x00000148   Code   RO          688    .text               delay.o
    0x08003d74   0x08003d74   0x00000040   Code   RO          729    .text               startup_stm32f40_41xxx.o
    0x08003db4   0x08003db4   0x000000e0   Code   RO          735    .text               misc.o
    0x08003e94   0x08003e94   0x00000294   Code   RO          755    .text               stm32f4xx_gpio.o
    0x08004128   0x08004128   0x0000065c   Code   RO          775    .text               stm32f4xx_rcc.o
    0x08004784   0x08004784   0x00000454   Code   RO          817    .text               stm32f4xx_usart.o
    0x08004bd8   0x08004bd8   0x00000ca2   Code   RO          860    .text               stm32f4xx_tim.o
    0x0800587a   0x0800587a   0x00000002   PAD
    0x0800587c   0x0800587c   0x000009f0   Code   RO          880    .text               stm32f4xx_can.o
    0x0800626c   0x0800626c   0x00000084   Code   RO          920    .text               bsp.o
    0x080062f0   0x080062f0   0x000002a8   Code   RO          953    .text               cpu_core.o
    0x08006598   0x08006598   0x00000034   Code   RO          979    .text               cpu_a.o
    0x080065cc   0x080065cc   0x00000256   Code   RO          982    .text               lib_ascii.o
    0x08006822   0x08006822   0x00000002   PAD
    0x08006824   0x08006824   0x000009c6   Code   RO         1015    .text               lib_mem.o
    0x080071ea   0x080071ea   0x00000002   PAD
    0x080071ec   0x080071ec   0x0000092c   Code   RO         1034    .text               lib_str.o
    0x08007b18   0x08007b18   0x00000220   Code   RO         1051    .text               lib_mem_a.o
    0x08007d38   0x08007d38   0x000000fc   Code   RO         1054    .text               os_cfg_app.o
    0x08007e34   0x08007e34   0x00000df0   Code   RO         1077    .text               os_core.o
    0x08008c24   0x08008c24   0x000001b0   Code   RO         1089    .text               os_dbg.o
    0x08008dd4   0x08008dd4   0x00000e28   Code   RO         1104    .text               os_flag.o
    0x08009bfc   0x08009bfc   0x00000444   Code   RO         1116    .text               os_int.o
    0x0800a040   0x0800a040   0x00000238   Code   RO         1128    .text               os_mem.o
    0x0800a278   0x0800a278   0x0000022c   Code   RO         1140    .text               os_msg.o
    0x0800a4a4   0x0800a4a4   0x00000ad4   Code   RO         1152    .text               os_mutex.o
    0x0800af78   0x0800af78   0x0000007c   Code   RO         1170    .text               os_prio.o
    0x0800aff4   0x0800aff4   0x000008d8   Code   RO         1189    .text               os_q.o
    0x0800b8cc   0x0800b8cc   0x00000830   Code   RO         1201    .text               os_sem.o
    0x0800c0fc   0x0800c0fc   0x00000638   Code   RO         1213    .text               os_stat.o
    0x0800c734   0x0800c734   0x00001bb4   Code   RO         1225    .text               os_task.o
    0x0800e2e8   0x0800e2e8   0x000004fc   Code   RO         1237    .text               os_tick.o
    0x0800e7e4   0x0800e7e4   0x00000564   Code   RO         1249    .text               os_time.o
    0x0800ed48   0x0800ed48   0x00000818   Code   RO         1261    .text               os_tmr.o
    0x0800f560   0x0800f560   0x000003f8   Code   RO         1289    .text               os_cpu_c.o
    0x0800f958   0x0800f958   0x00000002   Code   RO         1333    .text               c_w.l(use_no_semi_2.o)
    0x0800f95a   0x0800f95a   0x000000ee   Code   RO         1335    .text               c_w.l(lludivv7m.o)
    0x0800fa48   0x0800fa48   0x0000008a   Code   RO         1337    .text               c_w.l(rt_memcpy_v6.o)
    0x0800fad2   0x0800fad2   0x00000006   Code   RO         1339    .text               c_w.l(heapauxi.o)
    0x0800fad8   0x0800fad8   0x00000002   Code   RO         1395    .text               c_w.l(use_no_semi.o)
    0x0800fada   0x0800fada   0x00000016   Code   RO         1402    .text               c_w.l(_rserrno.o)
    0x0800faf0   0x0800faf0   0x00000064   Code   RO         1404    .text               c_w.l(rt_memcpy_w.o)
    0x0800fb54   0x0800fb54   0x00000008   Code   RO         1469    .text               c_w.l(rt_errno_addr_intlibspace.o)
    0x0800fb5c   0x0800fb5c   0x00000008   Code   RO         1481    .text               c_w.l(libspace.o)
    0x0800fb64   0x0800fb64   0x0000004a   Code   RO         1484    .text               c_w.l(sys_stackheap_outer.o)
    0x0800fbae   0x0800fbae   0x00000012   Code   RO         1486    .text               c_w.l(exit.o)
    0x0800fbc0   0x0800fbc0   0x000000ac   Code   RO         1313    CODE                os_cpu_a.o
    0x0800fc6c   0x0800fc6c   0x00000030   Code   RO         1477    i.__ARM_fpclassify  m_wm.l(fpclassify.o)
    0x0800fc9c   0x0800fc9c   0x00000004   PAD
    0x0800fca0   0x0800fca0   0x000000c8   Code   RO         1365    i.__hardfp_cos      m_wm.l(cos.o)
    0x0800fd68   0x0800fd68   0x00000014   Code   RO         1377    i.__hardfp_fabs     m_wm.l(fabs.o)
    0x0800fd7c   0x0800fd7c   0x0000007a   Code   RO         1383    i.__hardfp_sqrt     m_wm.l(sqrt.o)
    0x0800fdf6   0x0800fdf6   0x00000002   PAD
    0x0800fdf8   0x0800fdf8   0x00000438   Code   RO         1438    i.__ieee754_rem_pio2  m_wm.l(rred.o)
    0x08010230   0x08010230   0x00000170   Code   RO         1421    i.__kernel_cos      m_wm.l(cos_i.o)
    0x080103a0   0x080103a0   0x000000f8   Code   RO         1479    i.__kernel_poly     m_wm.l(poly.o)
    0x08010498   0x08010498   0x00000130   Code   RO         1443    i.__kernel_sin      m_wm.l(sin_i.o)
    0x080105c8   0x080105c8   0x00000014   Code   RO         1425    i.__mathlib_dbl_infnan  m_wm.l(dunder.o)
    0x080105dc   0x080105dc   0x00000004   PAD
    0x080105e0   0x080105e0   0x00000020   Code   RO         1427    i.__mathlib_dbl_invalid  m_wm.l(dunder.o)
    0x08010600   0x08010600   0x00000020   Code   RO         1430    i.__mathlib_dbl_underflow  m_wm.l(dunder.o)
    0x08010620   0x08010620   0x00000018   Code   RO         1379    i.fabs              m_wm.l(fabs.o)
    0x08010638   0x08010638   0x00000018   Code   RO         1406    x$fpl$basic         fz_wm.l(basic.o)
    0x08010650   0x08010650   0x00000062   Code   RO         1343    x$fpl$d2f           fz_wm.l(d2f.o)
    0x080106b2   0x080106b2   0x00000002   PAD
    0x080106b4   0x080106b4   0x00000150   Code   RO         1345    x$fpl$dadd          fz_wm.l(daddsub_clz.o)
    0x08010804   0x08010804   0x00000018   Code   RO         1408    x$fpl$dcmpinf       fz_wm.l(dcmpi.o)
    0x0801081c   0x0801081c   0x000002b0   Code   RO         1352    x$fpl$ddiv          fz_wm.l(ddiv.o)
    0x08010acc   0x08010acc   0x0000005e   Code   RO         1355    x$fpl$dfix          fz_wm.l(dfix.o)
    0x08010b2a   0x08010b2a   0x0000002e   Code   RO         1472    x$fpl$dflt          fz_wm.l(dflt_clz.o)
    0x08010b58   0x08010b58   0x00000026   Code   RO         1471    x$fpl$dfltu         fz_wm.l(dflt_clz.o)
    0x08010b7e   0x08010b7e   0x00000002   PAD
    0x08010b80   0x08010b80   0x00000078   Code   RO         1359    x$fpl$dleqf         fz_wm.l(dleqf.o)
    0x08010bf8   0x08010bf8   0x00000154   Code   RO         1361    x$fpl$dmul          fz_wm.l(dmul.o)
    0x08010d4c   0x08010d4c   0x0000009c   Code   RO         1410    x$fpl$dnaninf       fz_wm.l(dnaninf.o)
    0x08010de8   0x08010de8   0x0000000c   Code   RO         1412    x$fpl$dretinf       fz_wm.l(dretinf.o)
    0x08010df4   0x08010df4   0x00000016   Code   RO         1346    x$fpl$drsb          fz_wm.l(daddsub_clz.o)
    0x08010e0a   0x08010e0a   0x00000002   PAD
    0x08010e0c   0x08010e0c   0x00000198   Code   RO         1414    x$fpl$dsqrt         fz_wm.l(dsqrt_umaal.o)
    0x08010fa4   0x08010fa4   0x000001d4   Code   RO         1347    x$fpl$dsub          fz_wm.l(daddsub_clz.o)
    0x08011178   0x08011178   0x00000056   Code   RO         1363    x$fpl$f2d           fz_wm.l(f2d.o)
    0x080111ce   0x080111ce   0x0000008c   Code   RO         1416    x$fpl$fnaninf       fz_wm.l(fnaninf.o)
    0x0801125a   0x0801125a   0x0000000a   Code   RO         1564    x$fpl$fpinit        fz_wm.l(fpinit.o)
    0x08011264   0x08011264   0x0000000a   Code   RO         1418    x$fpl$fretinf       fz_wm.l(fretinf.o)
    0x0801126e   0x0801126e   0x00000000   Code   RO         1420    x$fpl$usenofp       fz_wm.l(usenofp.o)
    0x0801126e   0x0801126e   0x00000002   PAD
    0x08011270   0x08011270   0x00000104   Data   RO          955    .constdata          cpu_core.o
    0x08011374   0x08011374   0x00000094   Data   RO         1035    .constdata          lib_str.o
    0x08011408   0x08011408   0x000000a4   Data   RO         1056    .constdata          os_cfg_app.o
    0x080114ac   0x080114ac   0x0000016c   Data   RO         1090    .constdata          os_dbg.o
    0x08011618   0x08011618   0x00000030   Data   RO         1422    .constdata          m_wm.l(cos_i.o)
    0x08011648   0x08011648   0x000000c8   Data   RO         1440    .constdata          m_wm.l(rred.o)
    0x08011710   0x08011710   0x00000028   Data   RO         1444    .constdata          m_wm.l(sin_i.o)
    0x08011738   0x08011738   0x00000020   Data   RO         1618    Region$$Table       anon$$obj.o


    Execution Region RW_IRAM2 (Exec base: 0x10000000, Load base: 0x080117b8, Size: 0x00000000, Max: 0x00010000, ABSOLUTE)

    **** No section assigned to this execution region ****


    Execution Region RW_IRAM1 (Exec base: 0x20000000, Load base: 0x08011758, Size: 0x0000bc30, Max: 0x00020000, ABSOLUTE, COMPRESSED[0x00000060])

    Exec Addr    Load Addr    Size         Type   Attr      Idx    E Section Name        Object

    0x20000000   COMPRESSED   0x00000014   Data   RW          310    .data               system_stm32f4xx.o
    0x20000014   COMPRESSED   0x0000037c   Data   RW          401    .data               path.o
    0x20000390   COMPRESSED   0x00000010   Data   RW          470    .data               link.o
    0x200003a0   COMPRESSED   0x00000003   Data   RW          534    .data               ps2trans.o
    0x200003a3   COMPRESSED   0x00000001   PAD
    0x200003a4   COMPRESSED   0x00000018   Data   RW          634    .data               elmo.o
    0x200003bc   COMPRESSED   0x00000008   Data   RW          659    .data               usart.o
    0x200003c4   COMPRESSED   0x00000004   Data   RW          689    .data               delay.o
    0x200003c8   COMPRESSED   0x00000010   Data   RW          776    .data               stm32f4xx_rcc.o
    0x200003d8   COMPRESSED   0x00000004   Data   RW          956    .data               cpu_core.o
    0x200003dc   COMPRESSED   0x00000004   Data   RW         1017    .data               lib_mem.o
    0x200003e0   COMPRESSED   0x00000008   Data   RW         1171    .data               os_prio.o
    0x200003e8   COMPRESSED   0x000000c8   Data   RW         1274    .data               os_var.o
    0x200004b0   COMPRESSED   0x00000004   Data   RW         1290    .data               os_cpu_c.o
    0x200004b4        -       0x00006698   Zero   RW          336    .bss                my_task.o
    0x20006b4c        -       0x00000050   Zero   RW          468    .bss                link.o
    0x20006b9c        -       0x00000018   Zero   RW          577    .bss                rc_ps2.o
    0x20006bb4        -       0x00002a54   Zero   RW          633    .bss                elmo.o
    0x20009608        -       0x00000010   Zero   RW          954    .bss                cpu_core.o
    0x20009618        -       0x00000448   Zero   RW         1016    .bss                lib_mem.o
    0x20009a60        -       0x00001490   Zero   RW         1055    .bss                os_cfg_app.o
    0x2000aef0        -       0x000006e0   Zero   RW         1273    .bss                os_var.o
    0x2000b5d0        -       0x00000060   Zero   RW         1482    .bss                c_w.l(libspace.o)
    0x2000b630        -       0x00000200   Zero   RW          727    HEAP                startup_stm32f40_41xxx.o
    0x2000b830        -       0x00000400   Zero   RW          726    STACK               startup_stm32f40_41xxx.o


==============================================================================

Image component sizes


      Code (inc. data)   RO Data    RW Data    ZI Data      Debug   Object Name

       132         14          0          0          0       1243   bsp.o
        52          0          0          0          0        356   cpu_a.o
       680         14        260          4         16      14859   cpu_core.o
       328         24          0          4          0       1941   delay.o
      6764        272          0         24      10836      10797   elmo.o
       344         26          0          0          0       1440   hardware.o
       598          0          0          0          0       3992   lib_ascii.o
      2502         32          0          4       1096      22472   lib_mem.o
       544          0          0          0          0        504   lib_mem_a.o
      2348          6        148          0          0      13978   lib_str.o
      1836        110          0         16         80      32115   link.o
       256         32          0          0          0     335637   main.o
       224         20          0          0          0       2009   misc.o
      2508         90          0          0          0       2891   move.o
       672        110          0          0      26264       4774   my_task.o
       252        166        164          0       5264      21010   os_cfg_app.o
      3568        284          0          0          0      12677   os_core.o
       172         32          0          0          0        424   os_cpu_a.o
      1016         64          0          4          0       4185   os_cpu_c.o
       432        286        364          0          0       4845   os_dbg.o
      3624        110          0          0          0       8311   os_flag.o
      1092        146          0          0          0       2420   os_int.o
       568         20          0          0          0       2940   os_mem.o
       556         12          0          0          0       2927   os_msg.o
      2772        114          0          0          0       5846   os_mutex.o
       124          4          0          8          0       1988   os_prio.o
      2264         76          0          0          0       6612   os_q.o
      2096         70          0          0          0       6632   os_sem.o
      1592        180          0          0          0       2897   os_stat.o
      7092        270          0          0          0      14458   os_task.o
      1276         90          0          0          0       3517   os_tick.o
      1380         46          0          0          0       3373   os_time.o
      2072        140          0          0          0       6758   os_tmr.o
         0          0          0        200       1760      19389   os_var.o
         0          0          0        892          0       2139   path.o
       700         38          0          3          0       1692   ps2trans.o
       880         26          0          0         24       3040   rc_ps2.o
        64         26        392          0       1536        864   startup_stm32f40_41xxx.o
      2544         38          0          0          0       8332   stm32f4xx_can.o
       660         44          0          0          0       4345   stm32f4xx_gpio.o
        22          0          0          0          0       1063   stm32f4xx_it.o
      1628         52          0         16          0      13276   stm32f4xx_rcc.o
      3234         60          0          0          0      23204   stm32f4xx_tim.o
      1108         34          0          0          0       8076   stm32f4xx_usart.o
       528         46          0         20          0       1859   system_stm32f4xx.o
        10          0          0          0          0        507   time.o
       264         14          0          8          0       3631   usart.o

    ----------------------------------------------------------------------
     63388       3238       1360       1204      46876     652245   Object Totals
         0          0         32          0          0          0   (incl. Generated)
        10          0          0          1          0          0   (incl. Padding)

    ----------------------------------------------------------------------

      Code (inc. data)   RO Data    RW Data    ZI Data      Debug   Library Member Name

        90          0          0          0          0          0   __dczerorl2.o
         8          0          0          0          0         68   __main.o
         0          0          0          0          0          0   __rtentry.o
        12          0          0          0          0          0   __rtentry2.o
         6          0          0          0          0          0   __rtentry4.o
        52          8          0          0          0          0   __scatter.o
        28          0          0          0          0          0   __scatter_zi.o
        22          0          0          0          0        100   _rserrno.o
        18          0          0          0          0         80   exit.o
         6          0          0          0          0        152   heapauxi.o
         2          0          0          0          0          0   libinit.o
         6          0          0          0          0          0   libinit2.o
         2          0          0          0          0          0   libshutdown.o
         2          0          0          0          0          0   libshutdown2.o
         8          4          0          0         96         68   libspace.o
       238          0          0          0          0        100   lludivv7m.o
         8          4          0          0          0         68   rt_errno_addr_intlibspace.o
       138          0          0          0          0         68   rt_memcpy_v6.o
       100          0          0          0          0         80   rt_memcpy_w.o
         2          0          0          0          0          0   rtexit.o
        10          0          0          0          0          0   rtexit2.o
        74          0          0          0          0         80   sys_stackheap_outer.o
         2          0          0          0          0         68   use_no_semi.o
         2          0          0          0          0         68   use_no_semi_2.o
        24          0          0          0          0        164   basic.o
        98          4          0          0          0        140   d2f.o
       826         16          0          0          0        492   daddsub_clz.o
        24          0          0          0          0        116   dcmpi.o
       688        140          0          0          0        256   ddiv.o
        94          4          0          0          0        140   dfix.o
        84          0          0          0          0        232   dflt_clz.o
       120          4          0          0          0        140   dleqf.o
       340         12          0          0          0        152   dmul.o
       156          4          0          0          0        140   dnaninf.o
        12          0          0          0          0        116   dretinf.o
       408         56          0          0          0        168   dsqrt_umaal.o
        86          4          0          0          0        132   f2d.o
       140          4          0          0          0        132   fnaninf.o
        10          0          0          0          0        116   fpinit.o
        10          0          0          0          0        116   fretinf.o
         0          0          0          0          0          0   usenofp.o
       200         20          0          0          0        164   cos.o
       368         46         48          0          0        200   cos_i.o
        84         16          0          0          0        372   dunder.o
        44          0          0          0          0        248   fabs.o
        48          0          0          0          0        124   fpclassify.o
       248          0          0          0          0        152   poly.o
      1080        142        200          0          0        188   rred.o
       304         24         40          0          0        208   sin_i.o
       122          0          0          0          0        148   sqrt.o

    ----------------------------------------------------------------------
      6476        512        288          0         96       5556   Library Totals
        22          0          0          0          0          0   (incl. Padding)

    ----------------------------------------------------------------------

      Code (inc. data)   RO Data    RW Data    ZI Data      Debug   Library Name

       836         16          0          0         96       1000   c_w.l
      3120        248          0          0          0       2752   fz_wm.l
      2498        248        288          0          0       1804   m_wm.l

    ----------------------------------------------------------------------
      6476        512        288          0         96       5556   Library Totals

    ----------------------------------------------------------------------

==============================================================================


      Code (inc. data)   RO Data    RW Data    ZI Data      Debug   

     69864       3750       1648       1204      46972     645085   Grand Totals
     69864       3750       1648         96      46972     645085   ELF Image Totals (compressed)
     69864       3750       1648         96          0          0   ROM Totals

==============================================================================

    Total RO  Size (Code + RO Data)                71512 (  69.84kB)
    Total RW  Size (RW Data + ZI Data)             48176 (  47.05kB)
    Total ROM Size (Code + RO Data + RW Data)      71608 (  69.93kB)

==============================================================================

